Component: ARM Compiler 5.06 update 6 (build 750) Tool: armlink [4d35ed]

==============================================================================

Section Cross References

    main.o(.text) refers to project_hardware_init.o(.text) for initialize_hardware
    main.o(.text) refers to pokemon_battle.o(.text) for pokemon_battle_main
    project_hardware_init.o(.text) refers to memcpya.o(.text) for __aeabi_memcpy4
    project_hardware_init.o(.text) refers to launchpad_io.o(.text) for lp_io_init
    project_hardware_init.o(.text) refers to lcd.o(.text) for lcd_config_gpio
    project_hardware_init.o(.text) refers to ps2.o(.text) for ps2_initialize
    project_hardware_init.o(.text) refers to timers.o(.text) for gp_timer_config_32
    project_hardware_init.o(.text) refers to project_hardware_init.o(.conststring) for .conststring
    project_interrupts.o(.text) refers to project_interrupts.o(.data) for PS2_X_DATA
    pokemon_battle.o(.text) refers to launchpad_io.o(.text) for lp_io_set_pin
    pokemon_battle.o(.text) refers to lcd.o(.text) for lcd_draw_image
    pokemon_battle.o(.text) refers to pokemon_battle.o(.data) for TIMER1_STATUS
    pokemon_battle.o(.text) refers to final_images.o(.constdata) for charizardBitmaps
    pc_buffer.o(.text) refers to malloc.o(i.malloc) for malloc
    accel.o(.text) refers to spi_select.o(.text) for spi_select_init
    accel.o(.text) refers to gpio_port.o(.text) for gpio_enable_port
    accel.o(.text) refers to spi.o(.text) for initialize_spi
    eeprom.o(.text) refers to i2c.o(.text) for i2cVerifyBaseAddr
    eeprom.o(.text) refers to gpio_port.o(.text) for gpio_enable_port
    ft6x06.o(.text) refers to i2c.o(.text) for I2CMasterBusy
    ft6x06.o(.text) refers to gpio_port.o(.text) for gpio_enable_port
    lcd.o(.text) refers to gpio_port.o(.text) for gpio_enable_port
    lcd.o(.text) refers to lcd.o(i.lcd_write_data_u16) for lcd_write_data_u16
    ps2.o(.text) refers to gpio_port.o(.text) for gpio_enable_port
    ps2.o(.text) refers to adc.o(.text) for initialize_adc
    serial_debug.o(.text) refers to gpio_port.o(.text) for gpio_enable_port
    serial_debug.o(.text) refers to pc_buffer.o(.text) for pc_buffer_init
    serial_debug.o(.text) refers to uart.o(.text) for uart_init
    serial_debug.o(.text) refers to main.o(.text) for DisableInterrupts
    serial_debug.o(.text) refers to serial_debug.o(.data) for Rx_Interrupts_Enabled
    serial_debug.o(.text) refers to serial_debug.o(.bss) for UART0_Tx_Buffer
    serial_debug.o(.text) refers to stdout.o(.data) for __stdout
    spi_select.o(.text) refers to gpio_port.o(.text) for gpio_enable_port
    startup_tm4c123.o(RESET) refers to startup_tm4c123.o(STACK) for __initial_sp
    startup_tm4c123.o(RESET) refers to startup_tm4c123.o(.text) for Reset_Handler
    startup_tm4c123.o(RESET) refers to serial_debug.o(.text) for UART0_Handler
    startup_tm4c123.o(RESET) refers to project_interrupts.o(.text) for ADC0SS2_Handler
    startup_tm4c123.o(.text) refers to system_tm4c123.o(.text) for SystemInit
    startup_tm4c123.o(.text) refers to entry.o(.ARM.Collect$$$$00000000) for __main
    system_tm4c123.o(.text) refers to system_tm4c123.o(.data) for SystemCoreClock
    entry.o(.ARM.Collect$$$$00000000) refers (Special) to entry10a.o(.ARM.Collect$$$$0000000D) for __rt_final_cpp
    entry.o(.ARM.Collect$$$$00000000) refers (Special) to entry11a.o(.ARM.Collect$$$$0000000F) for __rt_final_exit
    entry.o(.ARM.Collect$$$$00000000) refers (Special) to entry7b.o(.ARM.Collect$$$$00000008) for _main_clock
    entry.o(.ARM.Collect$$$$00000000) refers (Special) to entry8b.o(.ARM.Collect$$$$0000000A) for _main_cpp_init
    entry.o(.ARM.Collect$$$$00000000) refers (Special) to entry9a.o(.ARM.Collect$$$$0000000B) for _main_init
    entry.o(.ARM.Collect$$$$00000000) refers (Special) to entry5.o(.ARM.Collect$$$$00000004) for _main_scatterload
    entry.o(.ARM.Collect$$$$00000000) refers (Special) to entry2.o(.ARM.Collect$$$$00000001) for _main_stk
    malloc.o(i.free) refers to mvars.o(.data) for __microlib_freelist
    malloc.o(i.malloc) refers to mvars.o(.data) for __microlib_freelist_initialised
    malloc.o(i.malloc) refers to mvars.o(.data) for __microlib_freelist
    malloc.o(i.malloc) refers to startup_tm4c123.o(HEAP) for __heap_base
    mallocr.o(i.__free$realloc) refers to mvars.o(.data) for __microlib_freelist
    mallocr.o(i.__malloc$realloc) refers to mallocr.o(i.internal_alloc) for internal_alloc
    mallocr.o(i.__malloc$realloc) refers to mvars.o(.data) for __microlib_freelist_initialised
    mallocr.o(i.__malloc$realloc) refers to startup_tm4c123.o(HEAP) for __heap_base
    mallocr.o(i.__malloc$realloc) refers to mvars.o(.data) for __microlib_freelist
    mallocr.o(i.internal_alloc) refers to memcpya.o(.text) for __aeabi_memcpy
    mallocr.o(i.internal_alloc) refers to mvars.o(.data) for __microlib_freelist
    mallocr.o(i.realloc) refers to mallocr.o(i.__free$realloc) for __free$realloc
    mallocr.o(i.realloc) refers to mallocr.o(i.internal_alloc) for internal_alloc
    mallocr.o(i.realloc) refers to mallocr.o(i.__malloc$realloc) for __malloc$realloc
    mallocr.o(i.realloc) refers to mvars.o(.data) for __microlib_freelist
    malloca.o(i.__aligned_malloc) refers to mvars.o(.data) for __microlib_freelist_initialised
    malloca.o(i.__aligned_malloc) refers to mvars.o(.data) for __microlib_freelist
    malloca.o(i.__aligned_malloc) refers to startup_tm4c123.o(HEAP) for __heap_base
    malloca.o(i.__free$memalign) refers to mvars.o(.data) for __microlib_freelist
    malloca.o(i.__malloc$memalign) refers to malloca.o(i.__aligned_malloc) for __aligned_malloc
    mallocra.o(i.__aligned_malloc$realloc) refers to mallocra.o(i.internal_alloc) for internal_alloc
    mallocra.o(i.__aligned_malloc$realloc) refers to mvars.o(.data) for __microlib_freelist_initialised
    mallocra.o(i.__aligned_malloc$realloc) refers to startup_tm4c123.o(HEAP) for __heap_base
    mallocra.o(i.__aligned_malloc$realloc) refers to mvars.o(.data) for __microlib_freelist
    mallocra.o(i.__free$realloc$memalign) refers to mvars.o(.data) for __microlib_freelist
    mallocra.o(i.__malloc$realloc$memalign) refers to mallocra.o(i.__aligned_malloc$realloc) for __aligned_malloc$realloc
    mallocra.o(i.__realloc$memalign) refers to mallocra.o(i.__free$realloc$memalign) for __free$realloc$memalign
    mallocra.o(i.__realloc$memalign) refers to mallocra.o(i.internal_alloc) for internal_alloc
    mallocra.o(i.__realloc$memalign) refers to mallocra.o(i.__malloc$realloc$memalign) for __malloc$realloc$memalign
    mallocra.o(i.__realloc$memalign) refers to mvars.o(.data) for __microlib_freelist
    mallocra.o(i.internal_alloc) refers to memcpya.o(.text) for __aeabi_memcpy
    mallocra.o(i.internal_alloc) refers to mvars.o(.data) for __microlib_freelist
    entry2.o(.ARM.Collect$$$$00000001) refers to entry2.o(.ARM.Collect$$$$00002712) for __lit__00000000
    entry2.o(.ARM.Collect$$$$00002712) refers to startup_tm4c123.o(STACK) for __initial_sp
    entry2.o(__vectab_stack_and_reset_area) refers to startup_tm4c123.o(STACK) for __initial_sp
    entry2.o(__vectab_stack_and_reset_area) refers to entry.o(.ARM.Collect$$$$00000000) for __main
    entry5.o(.ARM.Collect$$$$00000004) refers to init.o(.text) for __scatterload
    entry9a.o(.ARM.Collect$$$$0000000B) refers to main.o(.text) for main
    entry9b.o(.ARM.Collect$$$$0000000C) refers to main.o(.text) for main
    init.o(.text) refers to entry5.o(.ARM.Collect$$$$00000004) for __main_after_scatterload
    lcd.o(i.lcd_write_data_u16) refers to gpio_port.o(.text) for gpio_enable_port


==============================================================================

Removing Unused input sections from the image.

    Removing main.o(.rev16_text), (4 bytes).
    Removing main.o(.revsh_text), (4 bytes).
    Removing main.o(.rrx_text), (6 bytes).
    Removing project_hardware_init.o(.rev16_text), (4 bytes).
    Removing project_hardware_init.o(.revsh_text), (4 bytes).
    Removing project_hardware_init.o(.rrx_text), (6 bytes).
    Removing project_interrupts.o(.rev16_text), (4 bytes).
    Removing project_interrupts.o(.revsh_text), (4 bytes).
    Removing project_interrupts.o(.rrx_text), (6 bytes).
    Removing pokemon_battle.o(.rev16_text), (4 bytes).
    Removing pokemon_battle.o(.revsh_text), (4 bytes).
    Removing pokemon_battle.o(.rrx_text), (6 bytes).
    Removing final_images.o(.rev16_text), (4 bytes).
    Removing final_images.o(.revsh_text), (4 bytes).
    Removing final_images.o(.rrx_text), (6 bytes).
    Removing adc.o(.rev16_text), (4 bytes).
    Removing adc.o(.revsh_text), (4 bytes).
    Removing adc.o(.rrx_text), (6 bytes).
    Removing gpio_port.o(.rev16_text), (4 bytes).
    Removing gpio_port.o(.revsh_text), (4 bytes).
    Removing gpio_port.o(.rrx_text), (6 bytes).
    Removing i2c.o(.rev16_text), (4 bytes).
    Removing i2c.o(.revsh_text), (4 bytes).
    Removing i2c.o(.rrx_text), (6 bytes).
    Removing i2c.o(.text), (520 bytes).
    Removing spi.o(.rev16_text), (4 bytes).
    Removing spi.o(.revsh_text), (4 bytes).
    Removing spi.o(.rrx_text), (6 bytes).
    Removing spi.o(.text), (352 bytes).
    Removing timers.o(.rev16_text), (4 bytes).
    Removing timers.o(.revsh_text), (4 bytes).
    Removing timers.o(.rrx_text), (6 bytes).
    Removing uart.o(.rev16_text), (4 bytes).
    Removing uart.o(.revsh_text), (4 bytes).
    Removing uart.o(.rrx_text), (6 bytes).
    Removing accel.o(.rev16_text), (4 bytes).
    Removing accel.o(.revsh_text), (4 bytes).
    Removing accel.o(.rrx_text), (6 bytes).
    Removing accel.o(.text), (224 bytes).
    Removing eeprom.o(.rev16_text), (4 bytes).
    Removing eeprom.o(.revsh_text), (4 bytes).
    Removing eeprom.o(.rrx_text), (6 bytes).
    Removing eeprom.o(.text), (464 bytes).
    Removing ft6x06.o(.rev16_text), (4 bytes).
    Removing ft6x06.o(.revsh_text), (4 bytes).
    Removing ft6x06.o(.rrx_text), (6 bytes).
    Removing ft6x06.o(.text), (520 bytes).
    Removing launchpad_io.o(.rev16_text), (4 bytes).
    Removing launchpad_io.o(.revsh_text), (4 bytes).
    Removing launchpad_io.o(.rrx_text), (6 bytes).
    Removing lcd.o(.rev16_text), (4 bytes).
    Removing lcd.o(.revsh_text), (4 bytes).
    Removing lcd.o(.rrx_text), (6 bytes).
    Removing ps2.o(.rev16_text), (4 bytes).
    Removing ps2.o(.revsh_text), (4 bytes).
    Removing ps2.o(.rrx_text), (6 bytes).
    Removing serial_debug.o(.rev16_text), (4 bytes).
    Removing serial_debug.o(.revsh_text), (4 bytes).
    Removing serial_debug.o(.rrx_text), (6 bytes).
    Removing spi_select.o(.rev16_text), (4 bytes).
    Removing spi_select.o(.revsh_text), (4 bytes).
    Removing spi_select.o(.rrx_text), (6 bytes).
    Removing spi_select.o(.text), (164 bytes).
    Removing ws2812b.o(FLASH), (160 bytes).
    Removing system_tm4c123.o(.rev16_text), (4 bytes).
    Removing system_tm4c123.o(.revsh_text), (4 bytes).
    Removing system_tm4c123.o(.rrx_text), (6 bytes).

67 unused section(s) (total 2684 bytes) removed from the image.

==============================================================================

Image Symbol Table

    Local Symbols

    Symbol Name                              Value     Ov Type        Size  Object(Section)

    RESET                                    0x00000000   Section      620  startup_tm4c123.o(RESET)
    ../clib/microlib/init/entry.s            0x00000000   Number         0  entry8b.o ABSOLUTE
    ../clib/microlib/init/entry.s            0x00000000   Number         0  entry7a.o ABSOLUTE
    ../clib/microlib/init/entry.s            0x00000000   Number         0  entry.o ABSOLUTE
    ../clib/microlib/init/entry.s            0x00000000   Number         0  entry5.o ABSOLUTE
    ../clib/microlib/init/entry.s            0x00000000   Number         0  entry11b.o ABSOLUTE
    ../clib/microlib/init/entry.s            0x00000000   Number         0  entry11a.o ABSOLUTE
    ../clib/microlib/init/entry.s            0x00000000   Number         0  entry10b.o ABSOLUTE
    ../clib/microlib/init/entry.s            0x00000000   Number         0  entry10a.o ABSOLUTE
    ../clib/microlib/init/entry.s            0x00000000   Number         0  entry9b.o ABSOLUTE
    ../clib/microlib/init/entry.s            0x00000000   Number         0  entry9a.o ABSOLUTE
    ../clib/microlib/init/entry.s            0x00000000   Number         0  entry2.o ABSOLUTE
    ../clib/microlib/init/entry.s            0x00000000   Number         0  entry8a.o ABSOLUTE
    ../clib/microlib/init/entry.s            0x00000000   Number         0  entry7b.o ABSOLUTE
    ../clib/microlib/malloc/malloc.c         0x00000000   Number         0  malloc.o ABSOLUTE
    ../clib/microlib/malloc/malloc.c         0x00000000   Number         0  mallocra.o ABSOLUTE
    ../clib/microlib/malloc/malloc.c         0x00000000   Number         0  mallocr.o ABSOLUTE
    ../clib/microlib/malloc/malloc.c         0x00000000   Number         0  malloca.o ABSOLUTE
    ../clib/microlib/malloc/mvars.c          0x00000000   Number         0  mvars.o ABSOLUTE
    ../clib/microlib/stdio/streams.c         0x00000000   Number         0  stdout.o ABSOLUTE
    ../clib/microlib/string/memcpy.c         0x00000000   Number         0  memcpyb.o ABSOLUTE
    ../clib/microlib/string/memcpy.c         0x00000000   Number         0  memcpya.o ABSOLUTE
    ..\\drivers\\c\\adc.c                    0x00000000   Number         0  adc.o ABSOLUTE
    ..\\drivers\\c\\gpio_port.c              0x00000000   Number         0  gpio_port.o ABSOLUTE
    ..\\drivers\\c\\i2c.c                    0x00000000   Number         0  i2c.o ABSOLUTE
    ..\\drivers\\c\\spi.c                    0x00000000   Number         0  spi.o ABSOLUTE
    ..\\drivers\\c\\timers.c                 0x00000000   Number         0  timers.o ABSOLUTE
    ..\\drivers\\c\\uart.c                   0x00000000   Number         0  uart.o ABSOLUTE
    ..\\peripherals\\c\\accel.c              0x00000000   Number         0  accel.o ABSOLUTE
    ..\\peripherals\\c\\eeprom.c             0x00000000   Number         0  eeprom.o ABSOLUTE
    ..\\peripherals\\c\\ft6x06.c             0x00000000   Number         0  ft6x06.o ABSOLUTE
    ..\\peripherals\\c\\launchpad_io.c       0x00000000   Number         0  launchpad_io.o ABSOLUTE
    ..\\peripherals\\c\\lcd.c                0x00000000   Number         0  lcd.o ABSOLUTE
    ..\\peripherals\\c\\ps2.c                0x00000000   Number         0  ps2.o ABSOLUTE
    ..\\peripherals\\c\\serial_debug.c       0x00000000   Number         0  serial_debug.o ABSOLUTE
    ..\\peripherals\\c\\spi_select.c         0x00000000   Number         0  spi_select.o ABSOLUTE
    ..\drivers\c\adc.c                       0x00000000   Number         0  adc.o ABSOLUTE
    ..\drivers\c\gpio_port.c                 0x00000000   Number         0  gpio_port.o ABSOLUTE
    ..\drivers\c\i2c.c                       0x00000000   Number         0  i2c.o ABSOLUTE
    ..\drivers\c\pc_buffer.c                 0x00000000   Number         0  pc_buffer.o ABSOLUTE
    ..\drivers\c\spi.c                       0x00000000   Number         0  spi.o ABSOLUTE
    ..\drivers\c\timers.c                    0x00000000   Number         0  timers.o ABSOLUTE
    ..\drivers\c\uart.c                      0x00000000   Number         0  uart.o ABSOLUTE
    ..\peripherals\c\accel.c                 0x00000000   Number         0  accel.o ABSOLUTE
    ..\peripherals\c\eeprom.c                0x00000000   Number         0  eeprom.o ABSOLUTE
    ..\peripherals\c\ft6x06.c                0x00000000   Number         0  ft6x06.o ABSOLUTE
    ..\peripherals\c\launchpad_io.c          0x00000000   Number         0  launchpad_io.o ABSOLUTE
    ..\peripherals\c\lcd.c                   0x00000000   Number         0  lcd.o ABSOLUTE
    ..\peripherals\c\ps2.c                   0x00000000   Number         0  ps2.o ABSOLUTE
    ..\peripherals\c\serial_debug.c          0x00000000   Number         0  serial_debug.o ABSOLUTE
    ..\peripherals\c\spi_select.c            0x00000000   Number         0  spi_select.o ABSOLUTE
    ..\peripherals\c\ws2812b.s               0x00000000   Number         0  ws2812b.o ABSOLUTE
    Final_Images.c                           0x00000000   Number         0  final_images.o ABSOLUTE
    Final_Images.c                           0x00000000   Number         0  final_images.o ABSOLUTE
    RTE\Device\TM4C123GH6PM\startup_TM4C123.s 0x00000000   Number         0  startup_tm4c123.o ABSOLUTE
    RTE\Device\TM4C123GH6PM\system_TM4C123.c 0x00000000   Number         0  system_tm4c123.o ABSOLUTE
    RTE\\Device\\TM4C123GH6PM\\system_TM4C123.c 0x00000000   Number         0  system_tm4c123.o ABSOLUTE
    dc.s                                     0x00000000   Number         0  dc.o ABSOLUTE
    handlers.s                               0x00000000   Number         0  handlers.o ABSOLUTE
    init.s                                   0x00000000   Number         0  init.o ABSOLUTE
    main.c                                   0x00000000   Number         0  main.o ABSOLUTE
    main.c                                   0x00000000   Number         0  main.o ABSOLUTE
    pokemon_battle.c                         0x00000000   Number         0  pokemon_battle.o ABSOLUTE
    pokemon_battle.c                         0x00000000   Number         0  pokemon_battle.o ABSOLUTE
    project_hardware_init.c                  0x00000000   Number         0  project_hardware_init.o ABSOLUTE
    project_hardware_init.c                  0x00000000   Number         0  project_hardware_init.o ABSOLUTE
    project_interrupts.c                     0x00000000   Number         0  project_interrupts.o ABSOLUTE
    project_interrupts.c                     0x00000000   Number         0  project_interrupts.o ABSOLUTE
    .ARM.Collect$$$$00000000                 0x0000026c   Section        0  entry.o(.ARM.Collect$$$$00000000)
    .ARM.Collect$$$$00000001                 0x0000026c   Section        4  entry2.o(.ARM.Collect$$$$00000001)
    .ARM.Collect$$$$00000004                 0x00000270   Section        4  entry5.o(.ARM.Collect$$$$00000004)
    .ARM.Collect$$$$00000008                 0x00000274   Section        0  entry7b.o(.ARM.Collect$$$$00000008)
    .ARM.Collect$$$$0000000A                 0x00000274   Section        0  entry8b.o(.ARM.Collect$$$$0000000A)
    .ARM.Collect$$$$0000000B                 0x00000274   Section        8  entry9a.o(.ARM.Collect$$$$0000000B)
    .ARM.Collect$$$$0000000D                 0x0000027c   Section        0  entry10a.o(.ARM.Collect$$$$0000000D)
    .ARM.Collect$$$$0000000F                 0x0000027c   Section        0  entry11a.o(.ARM.Collect$$$$0000000F)
    .ARM.Collect$$$$00002712                 0x0000027c   Section        4  entry2.o(.ARM.Collect$$$$00002712)
    __lit__00000000                          0x0000027c   Data           4  entry2.o(.ARM.Collect$$$$00002712)
    .text                                    0x00000280   Section        0  main.o(.text)
    .text                                    0x0000029c   Section        0  project_hardware_init.o(.text)
    .text                                    0x00000308   Section        0  project_interrupts.o(.text)
    .text                                    0x0000039c   Section        0  pokemon_battle.o(.text)
    .text                                    0x00000408   Section        0  adc.o(.text)
    .text                                    0x000004cc   Section        0  gpio_port.o(.text)
    verify_base_addr                         0x000004cd   Thumb Code    64  gpio_port.o(.text)
    .text                                    0x0000075c   Section        0  pc_buffer.o(.text)
    .text                                    0x000007d8   Section        0  timers.o(.text)
    __NVIC_EnableIRQ                         0x000007d9   Thumb Code    34  timers.o(.text)
    __NVIC_SetPriority                       0x000007fb   Thumb Code    32  timers.o(.text)
    verify_base_addr                         0x0000081b   Thumb Code    64  timers.o(.text)
    get_clock_masks                          0x000008a5   Thumb Code   106  timers.o(.text)
    .text                                    0x00000aec   Section        0  uart.o(.text)
    .text                                    0x00000d74   Section        0  launchpad_io.o(.text)
    .text                                    0x00000e38   Section        0  lcd.o(.text)
    delayms                                  0x00000e39   Thumb Code    26  lcd.o(.text)
    lcd_write_cmd_u8                         0x00000e53   Thumb Code   264  lcd.o(.text)
    lcd_write_data_u8                        0x00000f5b   Thumb Code   186  lcd.o(.text)
    .text                                    0x00001444   Section        0  ps2.o(.text)
    initialize_adc_gpio_pins                 0x00001445   Thumb Code    64  ps2.o(.text)
    .text                                    0x000014bc   Section        0  serial_debug.o(.text)
    .text                                    0x000016e0   Section      252  startup_tm4c123.o(.text)
    $v0                                      0x000016e0   Number         0  startup_tm4c123.o(.text)
    .text                                    0x000017dc   Section        0  system_tm4c123.o(.text)
    getOscClk                                0x000017dd   Thumb Code   182  system_tm4c123.o(.text)
    .text                                    0x00001a2c   Section        0  memcpya.o(.text)
    .text                                    0x00001a50   Section       36  init.o(.text)
    i.__scatterload_copy                     0x00001a74   Section       14  handlers.o(i.__scatterload_copy)
    i.__scatterload_null                     0x00001a82   Section        2  handlers.o(i.__scatterload_null)
    i.__scatterload_zeroinit                 0x00001a84   Section       14  handlers.o(i.__scatterload_zeroinit)
    i.lcd_write_data_u16                     0x00001a94   Section        0  lcd.o(i.lcd_write_data_u16)
    i.malloc                                 0x00001bd0   Section        0  malloc.o(i.malloc)
    .constdata                               0x00001c3c   Section     1342  final_images.o(.constdata)
    .conststring                             0x0000217c   Section      258  project_hardware_init.o(.conststring)
    .data                                    0x20000000   Section       12  project_interrupts.o(.data)
    PS2_X_DATA                               0x20000000   Data           2  project_interrupts.o(.data)
    PS2_Y_DATA                               0x20000002   Data           2  project_interrupts.o(.data)
    TIMER1_STATUS                            0x20000004   Data           1  project_interrupts.o(.data)
    .data                                    0x2000000c   Section       10  pokemon_battle.o(.data)
    .data                                    0x20000016   Section        2  serial_debug.o(.data)
    Rx_Interrupts_Enabled                    0x20000016   Data           1  serial_debug.o(.data)
    Tx_Interrupts_Enabled                    0x20000017   Data           1  serial_debug.o(.data)
    .data                                    0x20000018   Section        4  system_tm4c123.o(.data)
    .data                                    0x2000001c   Section        4  stdout.o(.data)
    .data                                    0x20000020   Section        4  mvars.o(.data)
    .data                                    0x20000024   Section        4  mvars.o(.data)
    .bss                                     0x20000028   Section       28  serial_debug.o(.bss)
    HEAP                                     0x20000048   Section        0  startup_tm4c123.o(HEAP)
    STACK                                    0x20000048   Section     4096  startup_tm4c123.o(STACK)

    Global Symbols

    Symbol Name                              Value     Ov Type        Size  Object(Section)

    BuildAttributes$$THM_ISAv4$E$P$D$K$B$S$7EM$VFPi3$EXTD16$VFPS$VFMA$PE$A:L22UL41UL21$X:L11$S22US41US21$IEEE1$IW$USESV6$~STKCKD$USESV7$~SHL$OSPACE$EBA8$MICROLIB$REQ8$EABIv2 0x00000000   Number         0  anon$$obj.o ABSOLUTE
    __ARM_use_no_argv                        0x00000000   Number         0  main.o ABSOLUTE
    __Vectors                                0x00000000   Data           4  startup_tm4c123.o(RESET)
    __cpp_initialize__aeabi_                  - Undefined Weak Reference
    __cxa_finalize                            - Undefined Weak Reference
    __decompress                              - Undefined Weak Reference
    _clock_init                               - Undefined Weak Reference
    _microlib_exit                            - Undefined Weak Reference
    __Vectors_End                            0x0000026c   Data           0  startup_tm4c123.o(RESET)
    __Vectors_Size                           0x0000026c   Number         0  startup_tm4c123.o ABSOLUTE
    __main                                   0x0000026d   Thumb Code     0  entry.o(.ARM.Collect$$$$00000000)
    _main_stk                                0x0000026d   Thumb Code     0  entry2.o(.ARM.Collect$$$$00000001)
    _main_scatterload                        0x00000271   Thumb Code     0  entry5.o(.ARM.Collect$$$$00000004)
    __main_after_scatterload                 0x00000275   Thumb Code     0  entry5.o(.ARM.Collect$$$$00000004)
    _main_clock                              0x00000275   Thumb Code     0  entry7b.o(.ARM.Collect$$$$00000008)
    _main_cpp_init                           0x00000275   Thumb Code     0  entry8b.o(.ARM.Collect$$$$0000000A)
    _main_init                               0x00000275   Thumb Code     0  entry9a.o(.ARM.Collect$$$$0000000B)
    __rt_final_cpp                           0x0000027d   Thumb Code     0  entry10a.o(.ARM.Collect$$$$0000000D)
    __rt_final_exit                          0x0000027d   Thumb Code     0  entry11a.o(.ARM.Collect$$$$0000000F)
    DisableInterrupts                        0x00000281   Thumb Code     4  main.o(.text)
    EnableInterrupts                         0x00000285   Thumb Code     4  main.o(.text)
    main                                     0x00000289   Thumb Code    20  main.o(.text)
    initialize_hardware                      0x0000029d   Thumb Code    86  project_hardware_init.o(.text)
    ps2_get_direction                        0x00000309   Thumb Code    60  project_interrupts.o(.text)
    TIMER1A_Handler                          0x00000345   Thumb Code    14  project_interrupts.o(.text)
    TIMER4A_Handler                          0x00000353   Thumb Code    14  project_interrupts.o(.text)
    ADC0SS2_Handler                          0x00000361   Thumb Code    38  project_interrupts.o(.text)
    pokemon_battle_main                      0x0000039d   Thumb Code    84  pokemon_battle.o(.text)
    initialize_adc                           0x00000409   Thumb Code   112  adc.o(.text)
    get_adc_value                            0x00000479   Thumb Code    66  adc.o(.text)
    gpio_get_irq_num                         0x0000050d   Thumb Code    74  gpio_port.o(.text)
    gpio_enable_port                         0x00000557   Thumb Code   156  gpio_port.o(.text)
    gpio_config_digital_enable               0x000005f3   Thumb Code    34  gpio_port.o(.text)
    gpio_config_enable_output                0x00000615   Thumb Code    34  gpio_port.o(.text)
    gpio_config_enable_input                 0x00000637   Thumb Code    34  gpio_port.o(.text)
    gpio_config_enable_pullup                0x00000659   Thumb Code    34  gpio_port.o(.text)
    gpio_config_enable_pulldown              0x0000067b   Thumb Code    34  gpio_port.o(.text)
    gpio_config_analog_enable                0x0000069d   Thumb Code    34  gpio_port.o(.text)
    gpio_config_alternate_function           0x000006bf   Thumb Code    34  gpio_port.o(.text)
    gpio_config_port_control                 0x000006e1   Thumb Code    50  gpio_port.o(.text)
    gpio_config_open_drain                   0x00000713   Thumb Code    34  gpio_port.o(.text)
    gpio_config_falling_edge_irq             0x00000735   Thumb Code     6  gpio_port.o(.text)
    pc_buffer_init                           0x0000075d   Thumb Code    26  pc_buffer.o(.text)
    pc_buffer_add                            0x00000777   Thumb Code    28  pc_buffer.o(.text)
    pc_buffer_remove                         0x00000793   Thumb Code    30  pc_buffer.o(.text)
    pc_buffer_empty                          0x000007b1   Thumb Code    18  pc_buffer.o(.text)
    pc_buffer_full                           0x000007c3   Thumb Code    22  pc_buffer.o(.text)
    timer_get_irq_num                        0x0000085b   Thumb Code    74  timers.o(.text)
    gp_timer_wait                            0x0000090f   Thumb Code    62  timers.o(.text)
    gp_timer_config_32                       0x0000094d   Thumb Code   190  timers.o(.text)
    gp_timer_config_16                       0x00000a0b   Thumb Code   200  timers.o(.text)
    verify_uart_base                         0x00000aed   Thumb Code    54  uart.o(.text)
    uart_get_rcgc_mask                       0x00000b23   Thumb Code    68  uart.o(.text)
    uart_get_pr_mask                         0x00000b67   Thumb Code    68  uart.o(.text)
    uart_get_irq_num                         0x00000bab   Thumb Code    68  uart.o(.text)
    uart_tx_poll                             0x00000bef   Thumb Code    38  uart.o(.text)
    uart_tx_poll_string                      0x00000c15   Thumb Code    50  uart.o(.text)
    uart_rx_poll                             0x00000c47   Thumb Code    70  uart.o(.text)
    uart_init                                0x00000c8d   Thumb Code   214  uart.o(.text)
    lp_io_set_pin                            0x00000d75   Thumb Code    18  launchpad_io.o(.text)
    lp_io_clear_pin                          0x00000d87   Thumb Code    18  launchpad_io.o(.text)
    lp_io_read_pin                           0x00000d99   Thumb Code    22  launchpad_io.o(.text)
    lp_io_init                               0x00000daf   Thumb Code   112  launchpad_io.o(.text)
    lcd_set_pos                              0x00001015   Thumb Code    58  lcd.o(.text)
    lcd_clear_screen                         0x0000104f   Thumb Code    52  lcd.o(.text)
    lcd_draw_image                           0x00001083   Thumb Code   242  lcd.o(.text)
    lcd_config_gpio                          0x00001175   Thumb Code   152  lcd.o(.text)
    lcd_config_screen                        0x0000120d   Thumb Code   566  lcd.o(.text)
    ps2_initialize                           0x00001485   Thumb Code    14  ps2.o(.text)
    ps2_get_x                                0x00001493   Thumb Code    16  ps2.o(.text)
    ps2_get_y                                0x000014a3   Thumb Code    16  ps2.o(.text)
    init_serial_debug                        0x000014bd   Thumb Code   122  serial_debug.o(.text)
    serial_debug_rx                          0x00001537   Thumb Code    46  serial_debug.o(.text)
    serial_debug_tx                          0x00001565   Thumb Code    84  serial_debug.o(.text)
    fputc                                    0x000015b9   Thumb Code    66  serial_debug.o(.text)
    fgetc                                    0x000015fb   Thumb Code    50  serial_debug.o(.text)
    UART0_Handler                            0x0000162d   Thumb Code   156  serial_debug.o(.text)
    Reset_Handler                            0x000016e1   Thumb Code     8  startup_tm4c123.o(.text)
    NMI_Handler                              0x000016e9   Thumb Code     2  startup_tm4c123.o(.text)
    HardFault_Handler                        0x000016eb   Thumb Code     2  startup_tm4c123.o(.text)
    MemManage_Handler                        0x000016ed   Thumb Code     2  startup_tm4c123.o(.text)
    BusFault_Handler                         0x000016ef   Thumb Code     2  startup_tm4c123.o(.text)
    UsageFault_Handler                       0x000016f1   Thumb Code     2  startup_tm4c123.o(.text)
    SVC_Handler                              0x000016f3   Thumb Code     2  startup_tm4c123.o(.text)
    DebugMon_Handler                         0x000016f5   Thumb Code     2  startup_tm4c123.o(.text)
    PendSV_Handler                           0x000016f7   Thumb Code     2  startup_tm4c123.o(.text)
    SysTick_Handler                          0x000016f9   Thumb Code     2  startup_tm4c123.o(.text)
    GPIOA_Handler                            0x000016fb   Thumb Code     2  startup_tm4c123.o(.text)
    GPIOB_Handler                            0x000016fd   Thumb Code     2  startup_tm4c123.o(.text)
    GPIOC_Handler                            0x000016ff   Thumb Code     2  startup_tm4c123.o(.text)
    GPIOD_Handler                            0x00001701   Thumb Code     2  startup_tm4c123.o(.text)
    GPIOE_Handler                            0x00001703   Thumb Code     2  startup_tm4c123.o(.text)
    UART1_Handler                            0x00001707   Thumb Code     2  startup_tm4c123.o(.text)
    SSI0_Handler                             0x00001709   Thumb Code     2  startup_tm4c123.o(.text)
    I2C0_Handler                             0x0000170b   Thumb Code     2  startup_tm4c123.o(.text)
    PMW0_FAULT_Handler                       0x0000170d   Thumb Code     2  startup_tm4c123.o(.text)
    PWM0_0_Handler                           0x0000170f   Thumb Code     2  startup_tm4c123.o(.text)
    PWM0_1_Handler                           0x00001711   Thumb Code     2  startup_tm4c123.o(.text)
    PWM0_2_Handler                           0x00001713   Thumb Code     2  startup_tm4c123.o(.text)
    QEI0_Handler                             0x00001715   Thumb Code     2  startup_tm4c123.o(.text)
    ADC0SS0_Handler                          0x00001717   Thumb Code     2  startup_tm4c123.o(.text)
    ADC0SS1_Handler                          0x00001719   Thumb Code     2  startup_tm4c123.o(.text)
    ADC0SS3_Handler                          0x0000171d   Thumb Code     2  startup_tm4c123.o(.text)
    WDT0_Handler                             0x0000171f   Thumb Code     2  startup_tm4c123.o(.text)
    TIMER0A_Handler                          0x00001721   Thumb Code     2  startup_tm4c123.o(.text)
    TIMER0B_Handler                          0x00001723   Thumb Code     2  startup_tm4c123.o(.text)
    TIMER1B_Handler                          0x00001727   Thumb Code     2  startup_tm4c123.o(.text)
    TIMER2A_Handler                          0x00001729   Thumb Code     2  startup_tm4c123.o(.text)
    TIMER2B_Handler                          0x0000172b   Thumb Code     2  startup_tm4c123.o(.text)
    COMP0_Handler                            0x0000172d   Thumb Code     2  startup_tm4c123.o(.text)
    COMP1_Handler                            0x0000172f   Thumb Code     2  startup_tm4c123.o(.text)
    COMP2_Handler                            0x00001731   Thumb Code     2  startup_tm4c123.o(.text)
    SYSCTL_Handler                           0x00001733   Thumb Code     2  startup_tm4c123.o(.text)
    FLASH_Handler                            0x00001735   Thumb Code     2  startup_tm4c123.o(.text)
    GPIOF_Handler                            0x00001737   Thumb Code     2  startup_tm4c123.o(.text)
    GPIOG_Handler                            0x00001739   Thumb Code     2  startup_tm4c123.o(.text)
    GPIOH_Handler                            0x0000173b   Thumb Code     2  startup_tm4c123.o(.text)
    UART2_Handler                            0x0000173d   Thumb Code     2  startup_tm4c123.o(.text)
    SSI1_Handler                             0x0000173f   Thumb Code     2  startup_tm4c123.o(.text)
    TIMER3A_Handler                          0x00001741   Thumb Code     2  startup_tm4c123.o(.text)
    TIMER3B_Handler                          0x00001743   Thumb Code     2  startup_tm4c123.o(.text)
    I2C1_Handler                             0x00001745   Thumb Code     2  startup_tm4c123.o(.text)
    QEI1_Handler                             0x00001747   Thumb Code     2  startup_tm4c123.o(.text)
    CAN0_Handler                             0x00001749   Thumb Code     2  startup_tm4c123.o(.text)
    CAN1_Handler                             0x0000174b   Thumb Code     2  startup_tm4c123.o(.text)
    CAN2_Handler                             0x0000174d   Thumb Code     2  startup_tm4c123.o(.text)
    HIB_Handler                              0x0000174f   Thumb Code     2  startup_tm4c123.o(.text)
    USB0_Handler                             0x00001751   Thumb Code     2  startup_tm4c123.o(.text)
    PWM0_3_Handler                           0x00001753   Thumb Code     2  startup_tm4c123.o(.text)
    UDMA_Handler                             0x00001755   Thumb Code     2  startup_tm4c123.o(.text)
    UDMAERR_Handler                          0x00001757   Thumb Code     2  startup_tm4c123.o(.text)
    ADC1SS0_Handler                          0x00001759   Thumb Code     2  startup_tm4c123.o(.text)
    ADC1SS1_Handler                          0x0000175b   Thumb Code     2  startup_tm4c123.o(.text)
    ADC1SS2_Handler                          0x0000175d   Thumb Code     2  startup_tm4c123.o(.text)
    ADC1SS3_Handler                          0x0000175f   Thumb Code     2  startup_tm4c123.o(.text)
    GPIOJ_Handler                            0x00001761   Thumb Code     2  startup_tm4c123.o(.text)
    GPIOK_Handler                            0x00001763   Thumb Code     2  startup_tm4c123.o(.text)
    GPIOL_Handler                            0x00001765   Thumb Code     2  startup_tm4c123.o(.text)
    SSI2_Handler                             0x00001767   Thumb Code     2  startup_tm4c123.o(.text)
    SSI3_Handler                             0x00001769   Thumb Code     2  startup_tm4c123.o(.text)
    UART3_Handler                            0x0000176b   Thumb Code     2  startup_tm4c123.o(.text)
    UART4_Handler                            0x0000176d   Thumb Code     2  startup_tm4c123.o(.text)
    UART5_Handler                            0x0000176f   Thumb Code     2  startup_tm4c123.o(.text)
    UART6_Handler                            0x00001771   Thumb Code     2  startup_tm4c123.o(.text)
    UART7_Handler                            0x00001773   Thumb Code     2  startup_tm4c123.o(.text)
    I2C2_Handler                             0x00001775   Thumb Code     2  startup_tm4c123.o(.text)
    I2C3_Handler                             0x00001777   Thumb Code     2  startup_tm4c123.o(.text)
    TIMER4B_Handler                          0x0000177b   Thumb Code     2  startup_tm4c123.o(.text)
    TIMER5A_Handler                          0x0000177d   Thumb Code     2  startup_tm4c123.o(.text)
    TIMER5B_Handler                          0x0000177f   Thumb Code     2  startup_tm4c123.o(.text)
    WTIMER0A_Handler                         0x00001781   Thumb Code     2  startup_tm4c123.o(.text)
    WTIMER0B_Handler                         0x00001783   Thumb Code     2  startup_tm4c123.o(.text)
    WTIMER1A_Handler                         0x00001785   Thumb Code     2  startup_tm4c123.o(.text)
    WTIMER1B_Handler                         0x00001787   Thumb Code     2  startup_tm4c123.o(.text)
    WTIMER2A_Handler                         0x00001789   Thumb Code     2  startup_tm4c123.o(.text)
    WTIMER2B_Handler                         0x0000178b   Thumb Code     2  startup_tm4c123.o(.text)
    WTIMER3A_Handler                         0x0000178d   Thumb Code     2  startup_tm4c123.o(.text)
    WTIMER3B_Handler                         0x0000178f   Thumb Code     2  startup_tm4c123.o(.text)
    WTIMER4A_Handler                         0x00001791   Thumb Code     2  startup_tm4c123.o(.text)
    WTIMER4B_Handler                         0x00001793   Thumb Code     2  startup_tm4c123.o(.text)
    WTIMER5A_Handler                         0x00001795   Thumb Code     2  startup_tm4c123.o(.text)
    WTIMER5B_Handler                         0x00001797   Thumb Code     2  startup_tm4c123.o(.text)
    FPU_Handler                              0x00001799   Thumb Code     2  startup_tm4c123.o(.text)
    I2C4_Handler                             0x0000179b   Thumb Code     2  startup_tm4c123.o(.text)
    I2C5_Handler                             0x0000179d   Thumb Code     2  startup_tm4c123.o(.text)
    GPIOM_Handler                            0x0000179f   Thumb Code     2  startup_tm4c123.o(.text)
    GPION_Handler                            0x000017a1   Thumb Code     2  startup_tm4c123.o(.text)
    QEI2_Handler                             0x000017a3   Thumb Code     2  startup_tm4c123.o(.text)
    GPIOP0_Handler                           0x000017a5   Thumb Code     2  startup_tm4c123.o(.text)
    GPIOP1_Handler                           0x000017a7   Thumb Code     2  startup_tm4c123.o(.text)
    GPIOP2_Handler                           0x000017a9   Thumb Code     2  startup_tm4c123.o(.text)
    GPIOP3_Handler                           0x000017ab   Thumb Code     2  startup_tm4c123.o(.text)
    GPIOP4_Handler                           0x000017ad   Thumb Code     2  startup_tm4c123.o(.text)
    GPIOP5_Handler                           0x000017af   Thumb Code     2  startup_tm4c123.o(.text)
    GPIOP6_Handler                           0x000017b1   Thumb Code     2  startup_tm4c123.o(.text)
    GPIOP7_Handler                           0x000017b3   Thumb Code     2  startup_tm4c123.o(.text)
    GPIOQ0_Handler                           0x000017b5   Thumb Code     2  startup_tm4c123.o(.text)
    GPIOQ1_Handler                           0x000017b7   Thumb Code     2  startup_tm4c123.o(.text)
    GPIOQ2_Handler                           0x000017b9   Thumb Code     2  startup_tm4c123.o(.text)
    GPIOQ3_Handler                           0x000017bb   Thumb Code     2  startup_tm4c123.o(.text)
    GPIOQ4_Handler                           0x000017bd   Thumb Code     2  startup_tm4c123.o(.text)
    GPIOQ5_Handler                           0x000017bf   Thumb Code     2  startup_tm4c123.o(.text)
    GPIOQ6_Handler                           0x000017c1   Thumb Code     2  startup_tm4c123.o(.text)
    GPIOQ7_Handler                           0x000017c3   Thumb Code     2  startup_tm4c123.o(.text)
    GPIOR_Handler                            0x000017c5   Thumb Code     2  startup_tm4c123.o(.text)
    GPIOS_Handler                            0x000017c7   Thumb Code     2  startup_tm4c123.o(.text)
    PMW1_0_Handler                           0x000017c9   Thumb Code     2  startup_tm4c123.o(.text)
    PWM1_1_Handler                           0x000017cb   Thumb Code     2  startup_tm4c123.o(.text)
    PWM1_2_Handler                           0x000017cd   Thumb Code     2  startup_tm4c123.o(.text)
    PWM1_3_Handler                           0x000017cf   Thumb Code     2  startup_tm4c123.o(.text)
    PWM1_FAULT_Handler                       0x000017d1   Thumb Code     2  startup_tm4c123.o(.text)
    SystemCoreClockUpdate                    0x00001893   Thumb Code   184  system_tm4c123.o(.text)
    SystemInit                               0x0000194b   Thumb Code   112  system_tm4c123.o(.text)
    __aeabi_memcpy                           0x00001a2d   Thumb Code    36  memcpya.o(.text)
    __aeabi_memcpy4                          0x00001a2d   Thumb Code     0  memcpya.o(.text)
    __aeabi_memcpy8                          0x00001a2d   Thumb Code     0  memcpya.o(.text)
    __scatterload                            0x00001a51   Thumb Code    28  init.o(.text)
    __scatterload_rt2                        0x00001a51   Thumb Code     0  init.o(.text)
    __scatterload_copy                       0x00001a75   Thumb Code    14  handlers.o(i.__scatterload_copy)
    __scatterload_null                       0x00001a83   Thumb Code     2  handlers.o(i.__scatterload_null)
    __scatterload_zeroinit                   0x00001a85   Thumb Code    14  handlers.o(i.__scatterload_zeroinit)
    lcd_write_data_u16                       0x00001a95   Thumb Code   300  lcd.o(i.lcd_write_data_u16)
    malloc                                   0x00001bd1   Thumb Code    92  malloc.o(i.malloc)
    charizardBitmaps                         0x00001c3c   Data        1340  final_images.o(.constdata)
    charizardWidthPixels                     0x00002178   Data           1  final_images.o(.constdata)
    charizardHeightPixels                    0x00002179   Data           1  final_images.o(.constdata)
    Region$$Table$$Base                      0x00002280   Number         0  anon$$obj.o(Region$$Table)
    Region$$Table$$Limit                     0x000022a0   Number         0  anon$$obj.o(Region$$Table)
    status                                   0x20000008   Data           4  project_interrupts.o(.data)
    TIMER1_STATUS                            0x2000000c   Data           1  pokemon_battle.o(.data)
    TIMER4_STATUS                            0x2000000d   Data           1  pokemon_battle.o(.data)
    POKEMON_X_ALLY                           0x2000000e   Data           2  pokemon_battle.o(.data)
    POKEMON_Y_ALLY                           0x20000010   Data           2  pokemon_battle.o(.data)
    POKEMON_X_ENEMY                          0x20000012   Data           2  pokemon_battle.o(.data)
    POKEMON_Y_ENEMY                          0x20000014   Data           2  pokemon_battle.o(.data)
    SystemCoreClock                          0x20000018   Data           4  system_tm4c123.o(.data)
    __stdout                                 0x2000001c   Data           4  stdout.o(.data)
    __microlib_freelist                      0x20000020   Data           4  mvars.o(.data)
    __microlib_freelist_initialised          0x20000024   Data           4  mvars.o(.data)
    UART0_Tx_Buffer                          0x20000028   Data          14  serial_debug.o(.bss)
    UART0_Rx_Buffer                          0x20000036   Data          14  serial_debug.o(.bss)
    __heap_base                              0x20000048   Data           0  startup_tm4c123.o(HEAP)
    __heap_limit                             0x20000048   Data           0  startup_tm4c123.o(HEAP)
    __initial_sp                             0x20001048   Data           0  startup_tm4c123.o(STACK)



==============================================================================

Memory Map of the image

  Image Entry point : 0x000016e1

  Load Region LR_1 (Base: 0x00000000, Size: 0x000022c8, Max: 0xffffffff, ABSOLUTE)

    Execution Region ER_RO (Exec base: 0x00000000, Load base: 0x00000000, Size: 0x000022a0, Max: 0xffffffff, ABSOLUTE)

    Exec Addr    Load Addr    Size         Type   Attr      Idx    E Section Name        Object

    0x00000000   0x00000000   0x0000026c   Data   RO          624    RESET               startup_tm4c123.o
    0x0000026c   0x0000026c   0x00000000   Code   RO          659  * .ARM.Collect$$$$00000000  mc_w.l(entry.o)
    0x0000026c   0x0000026c   0x00000004   Code   RO          695    .ARM.Collect$$$$00000001  mc_w.l(entry2.o)
    0x00000270   0x00000270   0x00000004   Code   RO          698    .ARM.Collect$$$$00000004  mc_w.l(entry5.o)
    0x00000274   0x00000274   0x00000000   Code   RO          700    .ARM.Collect$$$$00000008  mc_w.l(entry7b.o)
    0x00000274   0x00000274   0x00000000   Code   RO          702    .ARM.Collect$$$$0000000A  mc_w.l(entry8b.o)
    0x00000274   0x00000274   0x00000008   Code   RO          703    .ARM.Collect$$$$0000000B  mc_w.l(entry9a.o)
    0x0000027c   0x0000027c   0x00000000   Code   RO          705    .ARM.Collect$$$$0000000D  mc_w.l(entry10a.o)
    0x0000027c   0x0000027c   0x00000000   Code   RO          707    .ARM.Collect$$$$0000000F  mc_w.l(entry11a.o)
    0x0000027c   0x0000027c   0x00000004   Code   RO          696    .ARM.Collect$$$$00002712  mc_w.l(entry2.o)
    0x00000280   0x00000280   0x0000001c   Code   RO            4    .text               main.o
    0x0000029c   0x0000029c   0x0000006c   Code   RO          117    .text               project_hardware_init.o
    0x00000308   0x00000308   0x00000094   Code   RO          142    .text               project_interrupts.o
    0x0000039c   0x0000039c   0x0000006c   Code   RO          169    .text               pokemon_battle.o
    0x00000408   0x00000408   0x000000c4   Code   RO          220    .text               adc.o
    0x000004cc   0x000004cc   0x00000290   Code   RO          244    .text               gpio_port.o
    0x0000075c   0x0000075c   0x0000007c   Code   RO          292    .text               pc_buffer.o
    0x000007d8   0x000007d8   0x00000314   Code   RO          340    .text               timers.o
    0x00000aec   0x00000aec   0x00000288   Code   RO          368    .text               uart.o
    0x00000d74   0x00000d74   0x000000c4   Code   RO          483    .text               launchpad_io.o
    0x00000e38   0x00000e38   0x0000060a   Code   RO          507    .text               lcd.o
    0x00001442   0x00001442   0x00000002   PAD
    0x00001444   0x00001444   0x00000078   Code   RO          537    .text               ps2.o
    0x000014bc   0x000014bc   0x00000224   Code   RO          561    .text               serial_debug.o
    0x000016e0   0x000016e0   0x000000fc   Code   RO          625  * .text               startup_tm4c123.o
    0x000017dc   0x000017dc   0x00000250   Code   RO          632    .text               system_tm4c123.o
    0x00001a2c   0x00001a2c   0x00000024   Code   RO          663    .text               mc_w.l(memcpya.o)
    0x00001a50   0x00001a50   0x00000024   Code   RO          711    .text               mc_w.l(init.o)
    0x00001a74   0x00001a74   0x0000000e   Code   RO          715    i.__scatterload_copy  mc_w.l(handlers.o)
    0x00001a82   0x00001a82   0x00000002   Code   RO          716    i.__scatterload_null  mc_w.l(handlers.o)
    0x00001a84   0x00001a84   0x0000000e   Code   RO          717    i.__scatterload_zeroinit  mc_w.l(handlers.o)
    0x00001a92   0x00001a92   0x00000002   PAD
    0x00001a94   0x00001a94   0x0000013c   Code   RO          525    i.lcd_write_data_u16  lcd.o
    0x00001bd0   0x00001bd0   0x0000006c   Code   RO          668    i.malloc            mc_w.l(malloc.o)
    0x00001c3c   0x00001c3c   0x0000053e   Data   RO          196    .constdata          final_images.o
    0x0000217a   0x0000217a   0x00000002   PAD
    0x0000217c   0x0000217c   0x00000102   Data   RO          118    .conststring        project_hardware_init.o
    0x0000227e   0x0000227e   0x00000002   PAD
    0x00002280   0x00002280   0x00000020   Data   RO          713    Region$$Table       anon$$obj.o


    Execution Region ER_RW (Exec base: 0x20000000, Load base: 0x000022a0, Size: 0x00000028, Max: 0xffffffff, ABSOLUTE)

    Exec Addr    Load Addr    Size         Type   Attr      Idx    E Section Name        Object

    0x20000000   0x000022a0   0x0000000c   Data   RW          143    .data               project_interrupts.o
    0x2000000c   0x000022ac   0x0000000a   Data   RW          170    .data               pokemon_battle.o
    0x20000016   0x000022b6   0x00000002   Data   RW          563    .data               serial_debug.o
    0x20000018   0x000022b8   0x00000004   Data   RW          633    .data               system_tm4c123.o
    0x2000001c   0x000022bc   0x00000004   Data   RW          662    .data               mc_w.l(stdout.o)
    0x20000020   0x000022c0   0x00000004   Data   RW          709    .data               mc_w.l(mvars.o)
    0x20000024   0x000022c4   0x00000004   Data   RW          710    .data               mc_w.l(mvars.o)


    Execution Region ER_ZI (Exec base: 0x20000028, Load base: 0x000022c8, Size: 0x00001020, Max: 0xffffffff, ABSOLUTE)

    Exec Addr    Load Addr    Size         Type   Attr      Idx    E Section Name        Object

    0x20000028        -       0x0000001c   Zero   RW          562    .bss                serial_debug.o
    0x20000044   0x000022c8   0x00000004   PAD
    0x20000048        -       0x00000000   Zero   RW          623    HEAP                startup_tm4c123.o
    0x20000048        -       0x00001000   Zero   RW          622    STACK               startup_tm4c123.o


==============================================================================

Image component sizes


      Code (inc. data)   RO Data    RW Data    ZI Data      Debug   Object Name

       196         18          0          0          0       1335   adc.o
         0          0       1342          0          0        582   final_images.o
       656         34          0          0          0       5106   gpio_port.o
       196         26          0          0          0       1782   launchpad_io.o
      1862         32          0          0          0       4233   lcd.o
        28          0          0          0          0      28438   main.o
       124          0          0          0          0       2367   pc_buffer.o
       108         24          0         10          0       1262   pokemon_battle.o
       108         22        258          0          0        626   project_hardware_init.o
       148         22          0         12          0       1529   project_interrupts.o
       120         10          0          0          0        929   ps2.o
       548         24          0          2         28       5693   serial_debug.o
       252         10        620          0       4096       5424   startup_tm4c123.o
       592        138          0          4          0       1521   system_tm4c123.o
       788         26          0          0          0       3564   timers.o
       648         50          0          0          0      33603   uart.o

    ----------------------------------------------------------------------
      6376        436       2256         28       4128      97994   Object Totals
         0          0         32          0          0          0   (incl. Generated)
         2          0          4          0          4          0   (incl. Padding)

    ----------------------------------------------------------------------

      Code (inc. data)   RO Data    RW Data    ZI Data      Debug   Library Member Name

         0          0          0          0          0          0   entry.o
         0          0          0          0          0          0   entry10a.o
         0          0          0          0          0          0   entry11a.o
         8          4          0          0          0          0   entry2.o
         4          0          0          0          0          0   entry5.o
         0          0          0          0          0          0   entry7b.o
         0          0          0          0          0          0   entry8b.o
         8          4          0          0          0          0   entry9a.o
        30          0          0          0          0          0   handlers.o
        36          8          0          0          0         68   init.o
       108         16          0          0          0         84   malloc.o
        36          0          0          0          0         68   memcpya.o
         0          0          0          8          0          0   mvars.o
         0          0          0          4          0          0   stdout.o

    ----------------------------------------------------------------------
       232         32          0         12          0        220   Library Totals
         2          0          0          0          0          0   (incl. Padding)

    ----------------------------------------------------------------------

      Code (inc. data)   RO Data    RW Data    ZI Data      Debug   Library Name

       230         32          0         12          0        220   mc_w.l

    ----------------------------------------------------------------------
       232         32          0         12          0        220   Library Totals

    ----------------------------------------------------------------------

==============================================================================


      Code (inc. data)   RO Data    RW Data    ZI Data      Debug   

      6608        468       2256         40       4128      96566   Grand Totals
      6608        468       2256         40       4128      96566   ELF Image Totals
      6608        468       2256         40          0          0   ROM Totals

==============================================================================

    Total RO  Size (Code + RO Data)                 8864 (   8.66kB)
    Total RW  Size (RW Data + ZI Data)              4168 (   4.07kB)
    Total ROM Size (Code + RO Data + RW Data)       8904 (   8.70kB)

==============================================================================

