Component: ARM Compiler 5.06 update 6 (build 750) Tool: armlink [4d35ed]

==============================================================================

Section Cross References

    main.o(.text) refers to project_hardware_init.o(.text) for initialize_hardware
    main.o(.text) refers to pokemon_battle.o(.text) for pokemon_battle_main
    project_hardware_init.o(.text) refers to memcpya.o(.text) for __aeabi_memcpy4
    project_hardware_init.o(.text) refers to launchpad_io.o(.text) for lp_io_init
    project_hardware_init.o(.text) refers to lcd.o(.text) for lcd_config_gpio
    project_hardware_init.o(.text) refers to ps2.o(.text) for ps2_initialize
    project_hardware_init.o(.text) refers to timers.o(.text) for gp_timer_config_32
    project_hardware_init.o(.text) refers to project_hardware_init.o(.conststring) for .conststring
    project_interrupts.o(.text) refers to project_interrupts.o(.data) for PS2_X_DATA
    project_interrupts.o(.text) refers to pokemon_battle.o(.data) for TIMER1_ALERT
    pokemon_battle.o(.text) refers to memcpya.o(.text) for __aeabi_memcpy4
    pokemon_battle.o(.text) refers to launchpad_io.o(.text) for lp_io_set_pin
    pokemon_battle.o(.text) refers to lcd.o(.text) for lcd_draw_box
    pokemon_battle.o(.text) refers to pokemon_battle.o(.constdata) for .constdata
    pokemon_battle.o(.text) refers to pokemon_battle.o(.data) for TIMER1_ALERT
    pokemon_battle.o(.text) refers to final_images.o(.constdata) for laprasBitmaps
    pc_buffer.o(.text) refers to malloc.o(i.malloc) for malloc
    accel.o(.text) refers to spi_select.o(.text) for spi_select_init
    accel.o(.text) refers to gpio_port.o(.text) for gpio_enable_port
    accel.o(.text) refers to spi.o(.text) for initialize_spi
    eeprom.o(.text) refers to i2c.o(.text) for i2cVerifyBaseAddr
    eeprom.o(.text) refers to gpio_port.o(.text) for gpio_enable_port
    ft6x06.o(.text) refers to i2c.o(.text) for I2CMasterBusy
    ft6x06.o(.text) refers to gpio_port.o(.text) for gpio_enable_port
    lcd.o(.text) refers to gpio_port.o(.text) for gpio_enable_port
    lcd.o(.text) refers to strlen.o(.text) for strlen
    lcd.o(.text) refers to alphabet.o(.constdata) for alphabet_size
    ps2.o(.text) refers to gpio_port.o(.text) for gpio_enable_port
    ps2.o(.text) refers to adc.o(.text) for initialize_adc
    serial_debug.o(.text) refers to gpio_port.o(.text) for gpio_enable_port
    serial_debug.o(.text) refers to pc_buffer.o(.text) for pc_buffer_init
    serial_debug.o(.text) refers to uart.o(.text) for uart_init
    serial_debug.o(.text) refers to main.o(.text) for DisableInterrupts
    serial_debug.o(.text) refers to serial_debug.o(.data) for Rx_Interrupts_Enabled
    serial_debug.o(.text) refers to serial_debug.o(.bss) for UART0_Tx_Buffer
    serial_debug.o(.text) refers to stdout.o(.data) for __stdout
    spi_select.o(.text) refers to gpio_port.o(.text) for gpio_enable_port
    startup_tm4c123.o(RESET) refers to startup_tm4c123.o(STACK) for __initial_sp
    startup_tm4c123.o(RESET) refers to startup_tm4c123.o(.text) for Reset_Handler
    startup_tm4c123.o(RESET) refers to serial_debug.o(.text) for UART0_Handler
    startup_tm4c123.o(RESET) refers to project_interrupts.o(.text) for ADC0SS2_Handler
    startup_tm4c123.o(.text) refers to system_tm4c123.o(.text) for SystemInit
    startup_tm4c123.o(.text) refers to entry.o(.ARM.Collect$$$$00000000) for __main
    system_tm4c123.o(.text) refers to system_tm4c123.o(.data) for SystemCoreClock
    entry.o(.ARM.Collect$$$$00000000) refers (Special) to entry10a.o(.ARM.Collect$$$$0000000D) for __rt_final_cpp
    entry.o(.ARM.Collect$$$$00000000) refers (Special) to entry11a.o(.ARM.Collect$$$$0000000F) for __rt_final_exit
    entry.o(.ARM.Collect$$$$00000000) refers (Special) to entry7b.o(.ARM.Collect$$$$00000008) for _main_clock
    entry.o(.ARM.Collect$$$$00000000) refers (Special) to entry8b.o(.ARM.Collect$$$$0000000A) for _main_cpp_init
    entry.o(.ARM.Collect$$$$00000000) refers (Special) to entry9a.o(.ARM.Collect$$$$0000000B) for _main_init
    entry.o(.ARM.Collect$$$$00000000) refers (Special) to entry5.o(.ARM.Collect$$$$00000004) for _main_scatterload
    entry.o(.ARM.Collect$$$$00000000) refers (Special) to entry2.o(.ARM.Collect$$$$00000001) for _main_stk
    malloc.o(i.free) refers to mvars.o(.data) for __microlib_freelist
    malloc.o(i.malloc) refers to mvars.o(.data) for __microlib_freelist_initialised
    malloc.o(i.malloc) refers to mvars.o(.data) for __microlib_freelist
    malloc.o(i.malloc) refers to startup_tm4c123.o(HEAP) for __heap_base
    mallocr.o(i.__free$realloc) refers to mvars.o(.data) for __microlib_freelist
    mallocr.o(i.__malloc$realloc) refers to mallocr.o(i.internal_alloc) for internal_alloc
    mallocr.o(i.__malloc$realloc) refers to mvars.o(.data) for __microlib_freelist_initialised
    mallocr.o(i.__malloc$realloc) refers to startup_tm4c123.o(HEAP) for __heap_base
    mallocr.o(i.__malloc$realloc) refers to mvars.o(.data) for __microlib_freelist
    mallocr.o(i.internal_alloc) refers to memcpya.o(.text) for __aeabi_memcpy
    mallocr.o(i.internal_alloc) refers to mvars.o(.data) for __microlib_freelist
    mallocr.o(i.realloc) refers to mallocr.o(i.__free$realloc) for __free$realloc
    mallocr.o(i.realloc) refers to mallocr.o(i.internal_alloc) for internal_alloc
    mallocr.o(i.realloc) refers to mallocr.o(i.__malloc$realloc) for __malloc$realloc
    mallocr.o(i.realloc) refers to mvars.o(.data) for __microlib_freelist
    malloca.o(i.__aligned_malloc) refers to mvars.o(.data) for __microlib_freelist_initialised
    malloca.o(i.__aligned_malloc) refers to mvars.o(.data) for __microlib_freelist
    malloca.o(i.__aligned_malloc) refers to startup_tm4c123.o(HEAP) for __heap_base
    malloca.o(i.__free$memalign) refers to mvars.o(.data) for __microlib_freelist
    malloca.o(i.__malloc$memalign) refers to malloca.o(i.__aligned_malloc) for __aligned_malloc
    mallocra.o(i.__aligned_malloc$realloc) refers to mallocra.o(i.internal_alloc) for internal_alloc
    mallocra.o(i.__aligned_malloc$realloc) refers to mvars.o(.data) for __microlib_freelist_initialised
    mallocra.o(i.__aligned_malloc$realloc) refers to startup_tm4c123.o(HEAP) for __heap_base
    mallocra.o(i.__aligned_malloc$realloc) refers to mvars.o(.data) for __microlib_freelist
    mallocra.o(i.__free$realloc$memalign) refers to mvars.o(.data) for __microlib_freelist
    mallocra.o(i.__malloc$realloc$memalign) refers to mallocra.o(i.__aligned_malloc$realloc) for __aligned_malloc$realloc
    mallocra.o(i.__realloc$memalign) refers to mallocra.o(i.__free$realloc$memalign) for __free$realloc$memalign
    mallocra.o(i.__realloc$memalign) refers to mallocra.o(i.internal_alloc) for internal_alloc
    mallocra.o(i.__realloc$memalign) refers to mallocra.o(i.__malloc$realloc$memalign) for __malloc$realloc$memalign
    mallocra.o(i.__realloc$memalign) refers to mvars.o(.data) for __microlib_freelist
    mallocra.o(i.internal_alloc) refers to memcpya.o(.text) for __aeabi_memcpy
    mallocra.o(i.internal_alloc) refers to mvars.o(.data) for __microlib_freelist
    entry2.o(.ARM.Collect$$$$00000001) refers to entry2.o(.ARM.Collect$$$$00002712) for __lit__00000000
    entry2.o(.ARM.Collect$$$$00002712) refers to startup_tm4c123.o(STACK) for __initial_sp
    entry2.o(__vectab_stack_and_reset_area) refers to startup_tm4c123.o(STACK) for __initial_sp
    entry2.o(__vectab_stack_and_reset_area) refers to entry.o(.ARM.Collect$$$$00000000) for __main
    entry5.o(.ARM.Collect$$$$00000004) refers to init.o(.text) for __scatterload
    entry9a.o(.ARM.Collect$$$$0000000B) refers to main.o(.text) for main
    entry9b.o(.ARM.Collect$$$$0000000C) refers to main.o(.text) for main
    init.o(.text) refers to entry5.o(.ARM.Collect$$$$00000004) for __main_after_scatterload


==============================================================================

Removing Unused input sections from the image.

    Removing main.o(.rev16_text), (4 bytes).
    Removing main.o(.revsh_text), (4 bytes).
    Removing main.o(.rrx_text), (6 bytes).
    Removing project_hardware_init.o(.rev16_text), (4 bytes).
    Removing project_hardware_init.o(.revsh_text), (4 bytes).
    Removing project_hardware_init.o(.rrx_text), (6 bytes).
    Removing project_interrupts.o(.rev16_text), (4 bytes).
    Removing project_interrupts.o(.revsh_text), (4 bytes).
    Removing project_interrupts.o(.rrx_text), (6 bytes).
    Removing pokemon_battle.o(.rev16_text), (4 bytes).
    Removing pokemon_battle.o(.revsh_text), (4 bytes).
    Removing pokemon_battle.o(.rrx_text), (6 bytes).
    Removing final_images.o(.rev16_text), (4 bytes).
    Removing final_images.o(.revsh_text), (4 bytes).
    Removing final_images.o(.rrx_text), (6 bytes).
    Removing alphabet.o(.rev16_text), (4 bytes).
    Removing alphabet.o(.revsh_text), (4 bytes).
    Removing alphabet.o(.rrx_text), (6 bytes).
    Removing adc.o(.rev16_text), (4 bytes).
    Removing adc.o(.revsh_text), (4 bytes).
    Removing adc.o(.rrx_text), (6 bytes).
    Removing gpio_port.o(.rev16_text), (4 bytes).
    Removing gpio_port.o(.revsh_text), (4 bytes).
    Removing gpio_port.o(.rrx_text), (6 bytes).
    Removing i2c.o(.rev16_text), (4 bytes).
    Removing i2c.o(.revsh_text), (4 bytes).
    Removing i2c.o(.rrx_text), (6 bytes).
    Removing i2c.o(.text), (520 bytes).
    Removing spi.o(.rev16_text), (4 bytes).
    Removing spi.o(.revsh_text), (4 bytes).
    Removing spi.o(.rrx_text), (6 bytes).
    Removing spi.o(.text), (352 bytes).
    Removing timers.o(.rev16_text), (4 bytes).
    Removing timers.o(.revsh_text), (4 bytes).
    Removing timers.o(.rrx_text), (6 bytes).
    Removing uart.o(.rev16_text), (4 bytes).
    Removing uart.o(.revsh_text), (4 bytes).
    Removing uart.o(.rrx_text), (6 bytes).
    Removing accel.o(.rev16_text), (4 bytes).
    Removing accel.o(.revsh_text), (4 bytes).
    Removing accel.o(.rrx_text), (6 bytes).
    Removing accel.o(.text), (224 bytes).
    Removing eeprom.o(.rev16_text), (4 bytes).
    Removing eeprom.o(.revsh_text), (4 bytes).
    Removing eeprom.o(.rrx_text), (6 bytes).
    Removing eeprom.o(.text), (464 bytes).
    Removing ft6x06.o(.rev16_text), (4 bytes).
    Removing ft6x06.o(.revsh_text), (4 bytes).
    Removing ft6x06.o(.rrx_text), (6 bytes).
    Removing ft6x06.o(.text), (520 bytes).
    Removing launchpad_io.o(.rev16_text), (4 bytes).
    Removing launchpad_io.o(.revsh_text), (4 bytes).
    Removing launchpad_io.o(.rrx_text), (6 bytes).
    Removing lcd.o(.rev16_text), (4 bytes).
    Removing lcd.o(.revsh_text), (4 bytes).
    Removing lcd.o(.rrx_text), (6 bytes).
    Removing ps2.o(.rev16_text), (4 bytes).
    Removing ps2.o(.revsh_text), (4 bytes).
    Removing ps2.o(.rrx_text), (6 bytes).
    Removing serial_debug.o(.rev16_text), (4 bytes).
    Removing serial_debug.o(.revsh_text), (4 bytes).
    Removing serial_debug.o(.rrx_text), (6 bytes).
    Removing spi_select.o(.rev16_text), (4 bytes).
    Removing spi_select.o(.revsh_text), (4 bytes).
    Removing spi_select.o(.rrx_text), (6 bytes).
    Removing spi_select.o(.text), (164 bytes).
    Removing ws2812b.o(FLASH), (160 bytes).
    Removing system_tm4c123.o(.rev16_text), (4 bytes).
    Removing system_tm4c123.o(.revsh_text), (4 bytes).
    Removing system_tm4c123.o(.rrx_text), (6 bytes).

70 unused section(s) (total 2698 bytes) removed from the image.

==============================================================================

Image Symbol Table

    Local Symbols

    Symbol Name                              Value     Ov Type        Size  Object(Section)

    RESET                                    0x00000000   Section      620  startup_tm4c123.o(RESET)
    ../clib/microlib/init/entry.s            0x00000000   Number         0  entry11b.o ABSOLUTE
    ../clib/microlib/init/entry.s            0x00000000   Number         0  entry8a.o ABSOLUTE
    ../clib/microlib/init/entry.s            0x00000000   Number         0  entry11a.o ABSOLUTE
    ../clib/microlib/init/entry.s            0x00000000   Number         0  entry10b.o ABSOLUTE
    ../clib/microlib/init/entry.s            0x00000000   Number         0  entry10a.o ABSOLUTE
    ../clib/microlib/init/entry.s            0x00000000   Number         0  entry9b.o ABSOLUTE
    ../clib/microlib/init/entry.s            0x00000000   Number         0  entry9a.o ABSOLUTE
    ../clib/microlib/init/entry.s            0x00000000   Number         0  entry8b.o ABSOLUTE
    ../clib/microlib/init/entry.s            0x00000000   Number         0  entry7b.o ABSOLUTE
    ../clib/microlib/init/entry.s            0x00000000   Number         0  entry7a.o ABSOLUTE
    ../clib/microlib/init/entry.s            0x00000000   Number         0  entry.o ABSOLUTE
    ../clib/microlib/init/entry.s            0x00000000   Number         0  entry5.o ABSOLUTE
    ../clib/microlib/init/entry.s            0x00000000   Number         0  entry2.o ABSOLUTE
    ../clib/microlib/malloc/malloc.c         0x00000000   Number         0  mallocra.o ABSOLUTE
    ../clib/microlib/malloc/malloc.c         0x00000000   Number         0  malloc.o ABSOLUTE
    ../clib/microlib/malloc/malloc.c         0x00000000   Number         0  malloca.o ABSOLUTE
    ../clib/microlib/malloc/malloc.c         0x00000000   Number         0  mallocr.o ABSOLUTE
    ../clib/microlib/malloc/mvars.c          0x00000000   Number         0  mvars.o ABSOLUTE
    ../clib/microlib/stdio/streams.c         0x00000000   Number         0  stdout.o ABSOLUTE
    ../clib/microlib/string/memcpy.c         0x00000000   Number         0  memcpyb.o ABSOLUTE
    ../clib/microlib/string/memcpy.c         0x00000000   Number         0  memcpya.o ABSOLUTE
    ../clib/microlib/string/strlen.c         0x00000000   Number         0  strlen.o ABSOLUTE
    ..\\drivers\\c\\adc.c                    0x00000000   Number         0  adc.o ABSOLUTE
    ..\\drivers\\c\\gpio_port.c              0x00000000   Number         0  gpio_port.o ABSOLUTE
    ..\\drivers\\c\\i2c.c                    0x00000000   Number         0  i2c.o ABSOLUTE
    ..\\drivers\\c\\spi.c                    0x00000000   Number         0  spi.o ABSOLUTE
    ..\\drivers\\c\\timers.c                 0x00000000   Number         0  timers.o ABSOLUTE
    ..\\drivers\\c\\uart.c                   0x00000000   Number         0  uart.o ABSOLUTE
    ..\\peripherals\\c\\accel.c              0x00000000   Number         0  accel.o ABSOLUTE
    ..\\peripherals\\c\\eeprom.c             0x00000000   Number         0  eeprom.o ABSOLUTE
    ..\\peripherals\\c\\ft6x06.c             0x00000000   Number         0  ft6x06.o ABSOLUTE
    ..\\peripherals\\c\\launchpad_io.c       0x00000000   Number         0  launchpad_io.o ABSOLUTE
    ..\\peripherals\\c\\lcd.c                0x00000000   Number         0  lcd.o ABSOLUTE
    ..\\peripherals\\c\\ps2.c                0x00000000   Number         0  ps2.o ABSOLUTE
    ..\\peripherals\\c\\serial_debug.c       0x00000000   Number         0  serial_debug.o ABSOLUTE
    ..\\peripherals\\c\\spi_select.c         0x00000000   Number         0  spi_select.o ABSOLUTE
    ..\drivers\c\adc.c                       0x00000000   Number         0  adc.o ABSOLUTE
    ..\drivers\c\gpio_port.c                 0x00000000   Number         0  gpio_port.o ABSOLUTE
    ..\drivers\c\i2c.c                       0x00000000   Number         0  i2c.o ABSOLUTE
    ..\drivers\c\pc_buffer.c                 0x00000000   Number         0  pc_buffer.o ABSOLUTE
    ..\drivers\c\spi.c                       0x00000000   Number         0  spi.o ABSOLUTE
    ..\drivers\c\timers.c                    0x00000000   Number         0  timers.o ABSOLUTE
    ..\drivers\c\uart.c                      0x00000000   Number         0  uart.o ABSOLUTE
    ..\peripherals\c\accel.c                 0x00000000   Number         0  accel.o ABSOLUTE
    ..\peripherals\c\eeprom.c                0x00000000   Number         0  eeprom.o ABSOLUTE
    ..\peripherals\c\ft6x06.c                0x00000000   Number         0  ft6x06.o ABSOLUTE
    ..\peripherals\c\launchpad_io.c          0x00000000   Number         0  launchpad_io.o ABSOLUTE
    ..\peripherals\c\lcd.c                   0x00000000   Number         0  lcd.o ABSOLUTE
    ..\peripherals\c\ps2.c                   0x00000000   Number         0  ps2.o ABSOLUTE
    ..\peripherals\c\serial_debug.c          0x00000000   Number         0  serial_debug.o ABSOLUTE
    ..\peripherals\c\spi_select.c            0x00000000   Number         0  spi_select.o ABSOLUTE
    ..\peripherals\c\ws2812b.s               0x00000000   Number         0  ws2812b.o ABSOLUTE
    Final_Images.c                           0x00000000   Number         0  final_images.o ABSOLUTE
    Final_Images.c                           0x00000000   Number         0  final_images.o ABSOLUTE
    RTE\Device\TM4C123GH6PM\startup_TM4C123.s 0x00000000   Number         0  startup_tm4c123.o ABSOLUTE
    RTE\Device\TM4C123GH6PM\system_TM4C123.c 0x00000000   Number         0  system_tm4c123.o ABSOLUTE
    RTE\\Device\\TM4C123GH6PM\\system_TM4C123.c 0x00000000   Number         0  system_tm4c123.o ABSOLUTE
    alphabet.c                               0x00000000   Number         0  alphabet.o ABSOLUTE
    alphabet.c                               0x00000000   Number         0  alphabet.o ABSOLUTE
    dc.s                                     0x00000000   Number         0  dc.o ABSOLUTE
    handlers.s                               0x00000000   Number         0  handlers.o ABSOLUTE
    init.s                                   0x00000000   Number         0  init.o ABSOLUTE
    main.c                                   0x00000000   Number         0  main.o ABSOLUTE
    main.c                                   0x00000000   Number         0  main.o ABSOLUTE
    pokemon_battle.c                         0x00000000   Number         0  pokemon_battle.o ABSOLUTE
    pokemon_battle.c                         0x00000000   Number         0  pokemon_battle.o ABSOLUTE
    project_hardware_init.c                  0x00000000   Number         0  project_hardware_init.o ABSOLUTE
    project_hardware_init.c                  0x00000000   Number         0  project_hardware_init.o ABSOLUTE
    project_interrupts.c                     0x00000000   Number         0  project_interrupts.o ABSOLUTE
    project_interrupts.c                     0x00000000   Number         0  project_interrupts.o ABSOLUTE
    .ARM.Collect$$$$00000000                 0x0000026c   Section        0  entry.o(.ARM.Collect$$$$00000000)
    .ARM.Collect$$$$00000001                 0x0000026c   Section        4  entry2.o(.ARM.Collect$$$$00000001)
    .ARM.Collect$$$$00000004                 0x00000270   Section        4  entry5.o(.ARM.Collect$$$$00000004)
    .ARM.Collect$$$$00000008                 0x00000274   Section        0  entry7b.o(.ARM.Collect$$$$00000008)
    .ARM.Collect$$$$0000000A                 0x00000274   Section        0  entry8b.o(.ARM.Collect$$$$0000000A)
    .ARM.Collect$$$$0000000B                 0x00000274   Section        8  entry9a.o(.ARM.Collect$$$$0000000B)
    .ARM.Collect$$$$0000000D                 0x0000027c   Section        0  entry10a.o(.ARM.Collect$$$$0000000D)
    .ARM.Collect$$$$0000000F                 0x0000027c   Section        0  entry11a.o(.ARM.Collect$$$$0000000F)
    .ARM.Collect$$$$00002712                 0x0000027c   Section        4  entry2.o(.ARM.Collect$$$$00002712)
    __lit__00000000                          0x0000027c   Data           4  entry2.o(.ARM.Collect$$$$00002712)
    .text                                    0x00000280   Section        0  main.o(.text)
    .text                                    0x0000029c   Section        0  project_hardware_init.o(.text)
    .text                                    0x0000030c   Section        0  project_interrupts.o(.text)
    .text                                    0x000003c0   Section        0  pokemon_battle.o(.text)
    .text                                    0x00000480   Section        0  adc.o(.text)
    .text                                    0x00000544   Section        0  gpio_port.o(.text)
    verify_base_addr                         0x00000545   Thumb Code    64  gpio_port.o(.text)
    .text                                    0x000007d4   Section        0  pc_buffer.o(.text)
    .text                                    0x00000850   Section        0  timers.o(.text)
    __NVIC_EnableIRQ                         0x00000851   Thumb Code    34  timers.o(.text)
    __NVIC_SetPriority                       0x00000873   Thumb Code    32  timers.o(.text)
    verify_base_addr                         0x00000893   Thumb Code    64  timers.o(.text)
    get_clock_masks                          0x0000091d   Thumb Code   106  timers.o(.text)
    .text                                    0x00000b64   Section        0  uart.o(.text)
    .text                                    0x00000dec   Section        0  launchpad_io.o(.text)
    .text                                    0x00000eb0   Section        0  lcd.o(.text)
    lcd_write_cmd_u8                         0x00000ecb   Thumb Code    40  lcd.o(.text)
    lcd_write_data_u8                        0x00000ef3   Thumb Code    28  lcd.o(.text)
    lcd_write_data_u16                       0x00000f0f   Thumb Code    48  lcd.o(.text)
    .text                                    0x00001a64   Section        0  ps2.o(.text)
    initialize_adc_gpio_pins                 0x00001a65   Thumb Code    64  ps2.o(.text)
    .text                                    0x00001adc   Section        0  serial_debug.o(.text)
    .text                                    0x00001d00   Section      252  startup_tm4c123.o(.text)
    $v0                                      0x00001d00   Number         0  startup_tm4c123.o(.text)
    .text                                    0x00001dfc   Section        0  system_tm4c123.o(.text)
    getOscClk                                0x00001dfd   Thumb Code   182  system_tm4c123.o(.text)
    .text                                    0x0000204c   Section        0  memcpya.o(.text)
    .text                                    0x00002070   Section        0  strlen.o(.text)
    .text                                    0x00002080   Section       36  init.o(.text)
    i.__scatterload_copy                     0x000020a4   Section       14  handlers.o(i.__scatterload_copy)
    i.__scatterload_null                     0x000020b2   Section        2  handlers.o(i.__scatterload_null)
    i.__scatterload_zeroinit                 0x000020b4   Section       14  handlers.o(i.__scatterload_zeroinit)
    i.malloc                                 0x000020c4   Section        0  malloc.o(i.malloc)
    .constdata                               0x00002130   Section       80  pokemon_battle.o(.constdata)
    .constdata                               0x00002180   Section     1629  final_images.o(.constdata)
    .constdata                               0x000027de   Section     1274  alphabet.o(.constdata)
    .conststring                             0x00002cd8   Section      258  project_hardware_init.o(.conststring)
    .data                                    0x20000000   Section        8  project_interrupts.o(.data)
    PS2_X_DATA                               0x20000000   Data           2  project_interrupts.o(.data)
    PS2_Y_DATA                               0x20000002   Data           2  project_interrupts.o(.data)
    .data                                    0x20000008   Section       10  pokemon_battle.o(.data)
    .data                                    0x20000012   Section        2  serial_debug.o(.data)
    Rx_Interrupts_Enabled                    0x20000012   Data           1  serial_debug.o(.data)
    Tx_Interrupts_Enabled                    0x20000013   Data           1  serial_debug.o(.data)
    .data                                    0x20000014   Section        4  system_tm4c123.o(.data)
    .data                                    0x20000018   Section        4  stdout.o(.data)
    .data                                    0x2000001c   Section        4  mvars.o(.data)
    .data                                    0x20000020   Section        4  mvars.o(.data)
    .bss                                     0x20000024   Section       28  serial_debug.o(.bss)
    HEAP                                     0x20000040   Section        0  startup_tm4c123.o(HEAP)
    STACK                                    0x20000040   Section     4096  startup_tm4c123.o(STACK)

    Global Symbols

    Symbol Name                              Value     Ov Type        Size  Object(Section)

    BuildAttributes$$THM_ISAv4$E$P$D$K$B$S$7EM$VFPi3$EXTD16$VFPS$VFMA$PE$A:L22UL41UL21$X:L11$S22US41US21$IEEE1$IW$USESV6$~STKCKD$USESV7$~SHL$OSPACE$EBA8$MICROLIB$REQ8$EABIv2 0x00000000   Number         0  anon$$obj.o ABSOLUTE
    __ARM_use_no_argv                        0x00000000   Number         0  main.o ABSOLUTE
    __Vectors                                0x00000000   Data           4  startup_tm4c123.o(RESET)
    __cpp_initialize__aeabi_                  - Undefined Weak Reference
    __cxa_finalize                            - Undefined Weak Reference
    __decompress                              - Undefined Weak Reference
    _clock_init                               - Undefined Weak Reference
    _microlib_exit                            - Undefined Weak Reference
    __Vectors_End                            0x0000026c   Data           0  startup_tm4c123.o(RESET)
    __Vectors_Size                           0x0000026c   Number         0  startup_tm4c123.o ABSOLUTE
    __main                                   0x0000026d   Thumb Code     0  entry.o(.ARM.Collect$$$$00000000)
    _main_stk                                0x0000026d   Thumb Code     0  entry2.o(.ARM.Collect$$$$00000001)
    _main_scatterload                        0x00000271   Thumb Code     0  entry5.o(.ARM.Collect$$$$00000004)
    __main_after_scatterload                 0x00000275   Thumb Code     0  entry5.o(.ARM.Collect$$$$00000004)
    _main_clock                              0x00000275   Thumb Code     0  entry7b.o(.ARM.Collect$$$$00000008)
    _main_cpp_init                           0x00000275   Thumb Code     0  entry8b.o(.ARM.Collect$$$$0000000A)
    _main_init                               0x00000275   Thumb Code     0  entry9a.o(.ARM.Collect$$$$0000000B)
    __rt_final_cpp                           0x0000027d   Thumb Code     0  entry10a.o(.ARM.Collect$$$$0000000D)
    __rt_final_exit                          0x0000027d   Thumb Code     0  entry11a.o(.ARM.Collect$$$$0000000F)
    DisableInterrupts                        0x00000281   Thumb Code     4  main.o(.text)
    EnableInterrupts                         0x00000285   Thumb Code     4  main.o(.text)
    main                                     0x00000289   Thumb Code    20  main.o(.text)
    initialize_hardware                      0x0000029d   Thumb Code    86  project_hardware_init.o(.text)
    ps2_get_direction                        0x0000030d   Thumb Code    60  project_interrupts.o(.text)
    TIMER1A_Handler                          0x00000349   Thumb Code    38  project_interrupts.o(.text)
    TIMER4A_Handler                          0x0000036f   Thumb Code    14  project_interrupts.o(.text)
    ADC0SS2_Handler                          0x0000037d   Thumb Code    38  project_interrupts.o(.text)
    pokemon_battle_main                      0x000003c1   Thumb Code   162  pokemon_battle.o(.text)
    initialize_adc                           0x00000481   Thumb Code   112  adc.o(.text)
    get_adc_value                            0x000004f1   Thumb Code    66  adc.o(.text)
    gpio_get_irq_num                         0x00000585   Thumb Code    74  gpio_port.o(.text)
    gpio_enable_port                         0x000005cf   Thumb Code   156  gpio_port.o(.text)
    gpio_config_digital_enable               0x0000066b   Thumb Code    34  gpio_port.o(.text)
    gpio_config_enable_output                0x0000068d   Thumb Code    34  gpio_port.o(.text)
    gpio_config_enable_input                 0x000006af   Thumb Code    34  gpio_port.o(.text)
    gpio_config_enable_pullup                0x000006d1   Thumb Code    34  gpio_port.o(.text)
    gpio_config_enable_pulldown              0x000006f3   Thumb Code    34  gpio_port.o(.text)
    gpio_config_analog_enable                0x00000715   Thumb Code    34  gpio_port.o(.text)
    gpio_config_alternate_function           0x00000737   Thumb Code    34  gpio_port.o(.text)
    gpio_config_port_control                 0x00000759   Thumb Code    50  gpio_port.o(.text)
    gpio_config_open_drain                   0x0000078b   Thumb Code    34  gpio_port.o(.text)
    gpio_config_falling_edge_irq             0x000007ad   Thumb Code     6  gpio_port.o(.text)
    pc_buffer_init                           0x000007d5   Thumb Code    26  pc_buffer.o(.text)
    pc_buffer_add                            0x000007ef   Thumb Code    28  pc_buffer.o(.text)
    pc_buffer_remove                         0x0000080b   Thumb Code    30  pc_buffer.o(.text)
    pc_buffer_empty                          0x00000829   Thumb Code    18  pc_buffer.o(.text)
    pc_buffer_full                           0x0000083b   Thumb Code    22  pc_buffer.o(.text)
    timer_get_irq_num                        0x000008d3   Thumb Code    74  timers.o(.text)
    gp_timer_wait                            0x00000987   Thumb Code    62  timers.o(.text)
    gp_timer_config_32                       0x000009c5   Thumb Code   190  timers.o(.text)
    gp_timer_config_16                       0x00000a83   Thumb Code   200  timers.o(.text)
    verify_uart_base                         0x00000b65   Thumb Code    54  uart.o(.text)
    uart_get_rcgc_mask                       0x00000b9b   Thumb Code    68  uart.o(.text)
    uart_get_pr_mask                         0x00000bdf   Thumb Code    68  uart.o(.text)
    uart_get_irq_num                         0x00000c23   Thumb Code    68  uart.o(.text)
    uart_tx_poll                             0x00000c67   Thumb Code    38  uart.o(.text)
    uart_tx_poll_string                      0x00000c8d   Thumb Code    50  uart.o(.text)
    uart_rx_poll                             0x00000cbf   Thumb Code    70  uart.o(.text)
    uart_init                                0x00000d05   Thumb Code   214  uart.o(.text)
    lp_io_set_pin                            0x00000ded   Thumb Code    18  launchpad_io.o(.text)
    lp_io_clear_pin                          0x00000dff   Thumb Code    18  launchpad_io.o(.text)
    lp_io_read_pin                           0x00000e11   Thumb Code    22  launchpad_io.o(.text)
    lp_io_init                               0x00000e27   Thumb Code   112  launchpad_io.o(.text)
    delayms                                  0x00000eb1   Thumb Code    26  lcd.o(.text)
    lcd_set_pos                              0x00000f3f   Thumb Code    58  lcd.o(.text)
    lcd_clear_screen                         0x00000f79   Thumb Code    52  lcd.o(.text)
    lcd_draw_box                             0x00000fad   Thumb Code   138  lcd.o(.text)
    lcd_draw_rectangle                       0x00001037   Thumb Code    82  lcd.o(.text)
    lcd_draw_rectangle_centered              0x00001089   Thumb Code   152  lcd.o(.text)
    lcd_draw_pixel                           0x00001121   Thumb Code    28  lcd.o(.text)
    lcd_draw_char                            0x0000113d   Thumb Code   556  lcd.o(.text)
    lcd_draw_image                           0x00001369   Thumb Code   242  lcd.o(.text)
    lcd_draw_color_image                     0x0000145b   Thumb Code   142  lcd.o(.text)
    lcd_config_gpio                          0x000014e9   Thumb Code   188  lcd.o(.text)
    lcd_config_screen                        0x000015a5   Thumb Code   548  lcd.o(.text)
    lcd_draw_line                            0x000017c9   Thumb Code   200  lcd.o(.text)
    lcd_draw_circle                          0x00001891   Thumb Code   358  lcd.o(.text)
    lcd_draw_string                          0x000019f7   Thumb Code   102  lcd.o(.text)
    ps2_initialize                           0x00001aa5   Thumb Code    14  ps2.o(.text)
    ps2_get_x                                0x00001ab3   Thumb Code    16  ps2.o(.text)
    ps2_get_y                                0x00001ac3   Thumb Code    16  ps2.o(.text)
    init_serial_debug                        0x00001add   Thumb Code   122  serial_debug.o(.text)
    serial_debug_rx                          0x00001b57   Thumb Code    46  serial_debug.o(.text)
    serial_debug_tx                          0x00001b85   Thumb Code    84  serial_debug.o(.text)
    fputc                                    0x00001bd9   Thumb Code    66  serial_debug.o(.text)
    fgetc                                    0x00001c1b   Thumb Code    50  serial_debug.o(.text)
    UART0_Handler                            0x00001c4d   Thumb Code   156  serial_debug.o(.text)
    Reset_Handler                            0x00001d01   Thumb Code     8  startup_tm4c123.o(.text)
    NMI_Handler                              0x00001d09   Thumb Code     2  startup_tm4c123.o(.text)
    HardFault_Handler                        0x00001d0b   Thumb Code     2  startup_tm4c123.o(.text)
    MemManage_Handler                        0x00001d0d   Thumb Code     2  startup_tm4c123.o(.text)
    BusFault_Handler                         0x00001d0f   Thumb Code     2  startup_tm4c123.o(.text)
    UsageFault_Handler                       0x00001d11   Thumb Code     2  startup_tm4c123.o(.text)
    SVC_Handler                              0x00001d13   Thumb Code     2  startup_tm4c123.o(.text)
    DebugMon_Handler                         0x00001d15   Thumb Code     2  startup_tm4c123.o(.text)
    PendSV_Handler                           0x00001d17   Thumb Code     2  startup_tm4c123.o(.text)
    SysTick_Handler                          0x00001d19   Thumb Code     2  startup_tm4c123.o(.text)
    GPIOA_Handler                            0x00001d1b   Thumb Code     2  startup_tm4c123.o(.text)
    GPIOB_Handler                            0x00001d1d   Thumb Code     2  startup_tm4c123.o(.text)
    GPIOC_Handler                            0x00001d1f   Thumb Code     2  startup_tm4c123.o(.text)
    GPIOD_Handler                            0x00001d21   Thumb Code     2  startup_tm4c123.o(.text)
    GPIOE_Handler                            0x00001d23   Thumb Code     2  startup_tm4c123.o(.text)
    UART1_Handler                            0x00001d27   Thumb Code     2  startup_tm4c123.o(.text)
    SSI0_Handler                             0x00001d29   Thumb Code     2  startup_tm4c123.o(.text)
    I2C0_Handler                             0x00001d2b   Thumb Code     2  startup_tm4c123.o(.text)
    PMW0_FAULT_Handler                       0x00001d2d   Thumb Code     2  startup_tm4c123.o(.text)
    PWM0_0_Handler                           0x00001d2f   Thumb Code     2  startup_tm4c123.o(.text)
    PWM0_1_Handler                           0x00001d31   Thumb Code     2  startup_tm4c123.o(.text)
    PWM0_2_Handler                           0x00001d33   Thumb Code     2  startup_tm4c123.o(.text)
    QEI0_Handler                             0x00001d35   Thumb Code     2  startup_tm4c123.o(.text)
    ADC0SS0_Handler                          0x00001d37   Thumb Code     2  startup_tm4c123.o(.text)
    ADC0SS1_Handler                          0x00001d39   Thumb Code     2  startup_tm4c123.o(.text)
    ADC0SS3_Handler                          0x00001d3d   Thumb Code     2  startup_tm4c123.o(.text)
    WDT0_Handler                             0x00001d3f   Thumb Code     2  startup_tm4c123.o(.text)
    TIMER0A_Handler                          0x00001d41   Thumb Code     2  startup_tm4c123.o(.text)
    TIMER0B_Handler                          0x00001d43   Thumb Code     2  startup_tm4c123.o(.text)
    TIMER1B_Handler                          0x00001d47   Thumb Code     2  startup_tm4c123.o(.text)
    TIMER2A_Handler                          0x00001d49   Thumb Code     2  startup_tm4c123.o(.text)
    TIMER2B_Handler                          0x00001d4b   Thumb Code     2  startup_tm4c123.o(.text)
    COMP0_Handler                            0x00001d4d   Thumb Code     2  startup_tm4c123.o(.text)
    COMP1_Handler                            0x00001d4f   Thumb Code     2  startup_tm4c123.o(.text)
    COMP2_Handler                            0x00001d51   Thumb Code     2  startup_tm4c123.o(.text)
    SYSCTL_Handler                           0x00001d53   Thumb Code     2  startup_tm4c123.o(.text)
    FLASH_Handler                            0x00001d55   Thumb Code     2  startup_tm4c123.o(.text)
    GPIOF_Handler                            0x00001d57   Thumb Code     2  startup_tm4c123.o(.text)
    GPIOG_Handler                            0x00001d59   Thumb Code     2  startup_tm4c123.o(.text)
    GPIOH_Handler                            0x00001d5b   Thumb Code     2  startup_tm4c123.o(.text)
    UART2_Handler                            0x00001d5d   Thumb Code     2  startup_tm4c123.o(.text)
    SSI1_Handler                             0x00001d5f   Thumb Code     2  startup_tm4c123.o(.text)
    TIMER3A_Handler                          0x00001d61   Thumb Code     2  startup_tm4c123.o(.text)
    TIMER3B_Handler                          0x00001d63   Thumb Code     2  startup_tm4c123.o(.text)
    I2C1_Handler                             0x00001d65   Thumb Code     2  startup_tm4c123.o(.text)
    QEI1_Handler                             0x00001d67   Thumb Code     2  startup_tm4c123.o(.text)
    CAN0_Handler                             0x00001d69   Thumb Code     2  startup_tm4c123.o(.text)
    CAN1_Handler                             0x00001d6b   Thumb Code     2  startup_tm4c123.o(.text)
    CAN2_Handler                             0x00001d6d   Thumb Code     2  startup_tm4c123.o(.text)
    HIB_Handler                              0x00001d6f   Thumb Code     2  startup_tm4c123.o(.text)
    USB0_Handler                             0x00001d71   Thumb Code     2  startup_tm4c123.o(.text)
    PWM0_3_Handler                           0x00001d73   Thumb Code     2  startup_tm4c123.o(.text)
    UDMA_Handler                             0x00001d75   Thumb Code     2  startup_tm4c123.o(.text)
    UDMAERR_Handler                          0x00001d77   Thumb Code     2  startup_tm4c123.o(.text)
    ADC1SS0_Handler                          0x00001d79   Thumb Code     2  startup_tm4c123.o(.text)
    ADC1SS1_Handler                          0x00001d7b   Thumb Code     2  startup_tm4c123.o(.text)
    ADC1SS2_Handler                          0x00001d7d   Thumb Code     2  startup_tm4c123.o(.text)
    ADC1SS3_Handler                          0x00001d7f   Thumb Code     2  startup_tm4c123.o(.text)
    GPIOJ_Handler                            0x00001d81   Thumb Code     2  startup_tm4c123.o(.text)
    GPIOK_Handler                            0x00001d83   Thumb Code     2  startup_tm4c123.o(.text)
    GPIOL_Handler                            0x00001d85   Thumb Code     2  startup_tm4c123.o(.text)
    SSI2_Handler                             0x00001d87   Thumb Code     2  startup_tm4c123.o(.text)
    SSI3_Handler                             0x00001d89   Thumb Code     2  startup_tm4c123.o(.text)
    UART3_Handler                            0x00001d8b   Thumb Code     2  startup_tm4c123.o(.text)
    UART4_Handler                            0x00001d8d   Thumb Code     2  startup_tm4c123.o(.text)
    UART5_Handler                            0x00001d8f   Thumb Code     2  startup_tm4c123.o(.text)
    UART6_Handler                            0x00001d91   Thumb Code     2  startup_tm4c123.o(.text)
    UART7_Handler                            0x00001d93   Thumb Code     2  startup_tm4c123.o(.text)
    I2C2_Handler                             0x00001d95   Thumb Code     2  startup_tm4c123.o(.text)
    I2C3_Handler                             0x00001d97   Thumb Code     2  startup_tm4c123.o(.text)
    TIMER4B_Handler                          0x00001d9b   Thumb Code     2  startup_tm4c123.o(.text)
    TIMER5A_Handler                          0x00001d9d   Thumb Code     2  startup_tm4c123.o(.text)
    TIMER5B_Handler                          0x00001d9f   Thumb Code     2  startup_tm4c123.o(.text)
    WTIMER0A_Handler                         0x00001da1   Thumb Code     2  startup_tm4c123.o(.text)
    WTIMER0B_Handler                         0x00001da3   Thumb Code     2  startup_tm4c123.o(.text)
    WTIMER1A_Handler                         0x00001da5   Thumb Code     2  startup_tm4c123.o(.text)
    WTIMER1B_Handler                         0x00001da7   Thumb Code     2  startup_tm4c123.o(.text)
    WTIMER2A_Handler                         0x00001da9   Thumb Code     2  startup_tm4c123.o(.text)
    WTIMER2B_Handler                         0x00001dab   Thumb Code     2  startup_tm4c123.o(.text)
    WTIMER3A_Handler                         0x00001dad   Thumb Code     2  startup_tm4c123.o(.text)
    WTIMER3B_Handler                         0x00001daf   Thumb Code     2  startup_tm4c123.o(.text)
    WTIMER4A_Handler                         0x00001db1   Thumb Code     2  startup_tm4c123.o(.text)
    WTIMER4B_Handler                         0x00001db3   Thumb Code     2  startup_tm4c123.o(.text)
    WTIMER5A_Handler                         0x00001db5   Thumb Code     2  startup_tm4c123.o(.text)
    WTIMER5B_Handler                         0x00001db7   Thumb Code     2  startup_tm4c123.o(.text)
    FPU_Handler                              0x00001db9   Thumb Code     2  startup_tm4c123.o(.text)
    I2C4_Handler                             0x00001dbb   Thumb Code     2  startup_tm4c123.o(.text)
    I2C5_Handler                             0x00001dbd   Thumb Code     2  startup_tm4c123.o(.text)
    GPIOM_Handler                            0x00001dbf   Thumb Code     2  startup_tm4c123.o(.text)
    GPION_Handler                            0x00001dc1   Thumb Code     2  startup_tm4c123.o(.text)
    QEI2_Handler                             0x00001dc3   Thumb Code     2  startup_tm4c123.o(.text)
    GPIOP0_Handler                           0x00001dc5   Thumb Code     2  startup_tm4c123.o(.text)
    GPIOP1_Handler                           0x00001dc7   Thumb Code     2  startup_tm4c123.o(.text)
    GPIOP2_Handler                           0x00001dc9   Thumb Code     2  startup_tm4c123.o(.text)
    GPIOP3_Handler                           0x00001dcb   Thumb Code     2  startup_tm4c123.o(.text)
    GPIOP4_Handler                           0x00001dcd   Thumb Code     2  startup_tm4c123.o(.text)
    GPIOP5_Handler                           0x00001dcf   Thumb Code     2  startup_tm4c123.o(.text)
    GPIOP6_Handler                           0x00001dd1   Thumb Code     2  startup_tm4c123.o(.text)
    GPIOP7_Handler                           0x00001dd3   Thumb Code     2  startup_tm4c123.o(.text)
    GPIOQ0_Handler                           0x00001dd5   Thumb Code     2  startup_tm4c123.o(.text)
    GPIOQ1_Handler                           0x00001dd7   Thumb Code     2  startup_tm4c123.o(.text)
    GPIOQ2_Handler                           0x00001dd9   Thumb Code     2  startup_tm4c123.o(.text)
    GPIOQ3_Handler                           0x00001ddb   Thumb Code     2  startup_tm4c123.o(.text)
    GPIOQ4_Handler                           0x00001ddd   Thumb Code     2  startup_tm4c123.o(.text)
    GPIOQ5_Handler                           0x00001ddf   Thumb Code     2  startup_tm4c123.o(.text)
    GPIOQ6_Handler                           0x00001de1   Thumb Code     2  startup_tm4c123.o(.text)
    GPIOQ7_Handler                           0x00001de3   Thumb Code     2  startup_tm4c123.o(.text)
    GPIOR_Handler                            0x00001de5   Thumb Code     2  startup_tm4c123.o(.text)
    GPIOS_Handler                            0x00001de7   Thumb Code     2  startup_tm4c123.o(.text)
    PMW1_0_Handler                           0x00001de9   Thumb Code     2  startup_tm4c123.o(.text)
    PWM1_1_Handler                           0x00001deb   Thumb Code     2  startup_tm4c123.o(.text)
    PWM1_2_Handler                           0x00001ded   Thumb Code     2  startup_tm4c123.o(.text)
    PWM1_3_Handler                           0x00001def   Thumb Code     2  startup_tm4c123.o(.text)
    PWM1_FAULT_Handler                       0x00001df1   Thumb Code     2  startup_tm4c123.o(.text)
    SystemCoreClockUpdate                    0x00001eb3   Thumb Code   184  system_tm4c123.o(.text)
    SystemInit                               0x00001f6b   Thumb Code   112  system_tm4c123.o(.text)
    __aeabi_memcpy                           0x0000204d   Thumb Code    36  memcpya.o(.text)
    __aeabi_memcpy4                          0x0000204d   Thumb Code     0  memcpya.o(.text)
    __aeabi_memcpy8                          0x0000204d   Thumb Code     0  memcpya.o(.text)
    strlen                                   0x00002071   Thumb Code    14  strlen.o(.text)
    __scatterload                            0x00002081   Thumb Code    28  init.o(.text)
    __scatterload_rt2                        0x00002081   Thumb Code     0  init.o(.text)
    __scatterload_copy                       0x000020a5   Thumb Code    14  handlers.o(i.__scatterload_copy)
    __scatterload_null                       0x000020b3   Thumb Code     2  handlers.o(i.__scatterload_null)
    __scatterload_zeroinit                   0x000020b5   Thumb Code    14  handlers.o(i.__scatterload_zeroinit)
    malloc                                   0x000020c5   Thumb Code    92  malloc.o(i.malloc)
    charizardBitmaps                         0x00002180   Data         825  final_images.o(.constdata)
    laprasBitmaps                            0x000024b9   Data         800  final_images.o(.constdata)
    charizardWidthPixels                     0x000027d9   Data           1  final_images.o(.constdata)
    charizardHeightPixels                    0x000027da   Data           1  final_images.o(.constdata)
    laprasWidthPixels                        0x000027db   Data           1  final_images.o(.constdata)
    laprasHeightPixels                       0x000027dc   Data           1  final_images.o(.constdata)
    alphabet_Bitmap                          0x000027de   Data         910  alphabet.o(.constdata)
    alphabet_size                            0x00002b6c   Data         364  alphabet.o(.constdata)
    Region$$Table$$Base                      0x00002ddc   Number         0  anon$$obj.o(Region$$Table)
    Region$$Table$$Limit                     0x00002dfc   Number         0  anon$$obj.o(Region$$Table)
    status                                   0x20000004   Data           4  project_interrupts.o(.data)
    TIMER1_ALERT                             0x20000008   Data           1  pokemon_battle.o(.data)
    TIMER4_STATUS                            0x20000009   Data           1  pokemon_battle.o(.data)
    POKEMON_X_ALLY                           0x2000000a   Data           2  pokemon_battle.o(.data)
    POKEMON_Y_ALLY                           0x2000000c   Data           2  pokemon_battle.o(.data)
    POKEMON_X_ENEMY                          0x2000000e   Data           2  pokemon_battle.o(.data)
    POKEMON_Y_ENEMY                          0x20000010   Data           2  pokemon_battle.o(.data)
    SystemCoreClock                          0x20000014   Data           4  system_tm4c123.o(.data)
    __stdout                                 0x20000018   Data           4  stdout.o(.data)
    __microlib_freelist                      0x2000001c   Data           4  mvars.o(.data)
    __microlib_freelist_initialised          0x20000020   Data           4  mvars.o(.data)
    UART0_Tx_Buffer                          0x20000024   Data          14  serial_debug.o(.bss)
    UART0_Rx_Buffer                          0x20000032   Data          14  serial_debug.o(.bss)
    __heap_base                              0x20000040   Data           0  startup_tm4c123.o(HEAP)
    __heap_limit                             0x20000040   Data           0  startup_tm4c123.o(HEAP)
    __initial_sp                             0x20001040   Data           0  startup_tm4c123.o(STACK)



==============================================================================

Memory Map of the image

  Image Entry point : 0x00001d01

  Load Region LR_1 (Base: 0x00000000, Size: 0x00002e20, Max: 0xffffffff, ABSOLUTE)

    Execution Region ER_RO (Exec base: 0x00000000, Load base: 0x00000000, Size: 0x00002dfc, Max: 0xffffffff, ABSOLUTE)

    Exec Addr    Load Addr    Size         Type   Attr      Idx    E Section Name        Object

    0x00000000   0x00000000   0x0000026c   Data   RO          668    RESET               startup_tm4c123.o
    0x0000026c   0x0000026c   0x00000000   Code   RO          703  * .ARM.Collect$$$$00000000  mc_w.l(entry.o)
    0x0000026c   0x0000026c   0x00000004   Code   RO          741    .ARM.Collect$$$$00000001  mc_w.l(entry2.o)
    0x00000270   0x00000270   0x00000004   Code   RO          744    .ARM.Collect$$$$00000004  mc_w.l(entry5.o)
    0x00000274   0x00000274   0x00000000   Code   RO          746    .ARM.Collect$$$$00000008  mc_w.l(entry7b.o)
    0x00000274   0x00000274   0x00000000   Code   RO          748    .ARM.Collect$$$$0000000A  mc_w.l(entry8b.o)
    0x00000274   0x00000274   0x00000008   Code   RO          749    .ARM.Collect$$$$0000000B  mc_w.l(entry9a.o)
    0x0000027c   0x0000027c   0x00000000   Code   RO          751    .ARM.Collect$$$$0000000D  mc_w.l(entry10a.o)
    0x0000027c   0x0000027c   0x00000000   Code   RO          753    .ARM.Collect$$$$0000000F  mc_w.l(entry11a.o)
    0x0000027c   0x0000027c   0x00000004   Code   RO          742    .ARM.Collect$$$$00002712  mc_w.l(entry2.o)
    0x00000280   0x00000280   0x0000001c   Code   RO            4    .text               main.o
    0x0000029c   0x0000029c   0x00000070   Code   RO          122    .text               project_hardware_init.o
    0x0000030c   0x0000030c   0x000000b4   Code   RO          147    .text               project_interrupts.o
    0x000003c0   0x000003c0   0x000000c0   Code   RO          174    .text               pokemon_battle.o
    0x00000480   0x00000480   0x000000c4   Code   RO          253    .text               adc.o
    0x00000544   0x00000544   0x00000290   Code   RO          277    .text               gpio_port.o
    0x000007d4   0x000007d4   0x0000007c   Code   RO          325    .text               pc_buffer.o
    0x00000850   0x00000850   0x00000314   Code   RO          373    .text               timers.o
    0x00000b64   0x00000b64   0x00000288   Code   RO          401    .text               uart.o
    0x00000dec   0x00000dec   0x000000c4   Code   RO          516    .text               launchpad_io.o
    0x00000eb0   0x00000eb0   0x00000bb4   Code   RO          540    .text               lcd.o
    0x00001a64   0x00001a64   0x00000078   Code   RO          581    .text               ps2.o
    0x00001adc   0x00001adc   0x00000224   Code   RO          605    .text               serial_debug.o
    0x00001d00   0x00001d00   0x000000fc   Code   RO          669  * .text               startup_tm4c123.o
    0x00001dfc   0x00001dfc   0x00000250   Code   RO          676    .text               system_tm4c123.o
    0x0000204c   0x0000204c   0x00000024   Code   RO          707    .text               mc_w.l(memcpya.o)
    0x00002070   0x00002070   0x0000000e   Code   RO          709    .text               mc_w.l(strlen.o)
    0x0000207e   0x0000207e   0x00000002   PAD
    0x00002080   0x00002080   0x00000024   Code   RO          757    .text               mc_w.l(init.o)
    0x000020a4   0x000020a4   0x0000000e   Code   RO          761    i.__scatterload_copy  mc_w.l(handlers.o)
    0x000020b2   0x000020b2   0x00000002   Code   RO          762    i.__scatterload_null  mc_w.l(handlers.o)
    0x000020b4   0x000020b4   0x0000000e   Code   RO          763    i.__scatterload_zeroinit  mc_w.l(handlers.o)
    0x000020c2   0x000020c2   0x00000002   PAD
    0x000020c4   0x000020c4   0x0000006c   Code   RO          714    i.malloc            mc_w.l(malloc.o)
    0x00002130   0x00002130   0x00000050   Data   RO          175    .constdata          pokemon_battle.o
    0x00002180   0x00002180   0x0000065d   Data   RO          205    .constdata          final_images.o
    0x000027dd   0x000027dd   0x00000001   PAD
    0x000027de   0x000027de   0x000004fa   Data   RO          229    .constdata          alphabet.o
    0x00002cd8   0x00002cd8   0x00000102   Data   RO          123    .conststring        project_hardware_init.o
    0x00002dda   0x00002dda   0x00000002   PAD
    0x00002ddc   0x00002ddc   0x00000020   Data   RO          759    Region$$Table       anon$$obj.o


    Execution Region ER_RW (Exec base: 0x20000000, Load base: 0x00002dfc, Size: 0x00000024, Max: 0xffffffff, ABSOLUTE)

    Exec Addr    Load Addr    Size         Type   Attr      Idx    E Section Name        Object

    0x20000000   0x00002dfc   0x00000008   Data   RW          148    .data               project_interrupts.o
    0x20000008   0x00002e04   0x0000000a   Data   RW          176    .data               pokemon_battle.o
    0x20000012   0x00002e0e   0x00000002   Data   RW          607    .data               serial_debug.o
    0x20000014   0x00002e10   0x00000004   Data   RW          677    .data               system_tm4c123.o
    0x20000018   0x00002e14   0x00000004   Data   RW          706    .data               mc_w.l(stdout.o)
    0x2000001c   0x00002e18   0x00000004   Data   RW          755    .data               mc_w.l(mvars.o)
    0x20000020   0x00002e1c   0x00000004   Data   RW          756    .data               mc_w.l(mvars.o)


    Execution Region ER_ZI (Exec base: 0x20000024, Load base: 0x00002e20, Size: 0x0000101c, Max: 0xffffffff, ABSOLUTE)

    Exec Addr    Load Addr    Size         Type   Attr      Idx    E Section Name        Object

    0x20000024        -       0x0000001c   Zero   RW          606    .bss                serial_debug.o
    0x20000040        -       0x00000000   Zero   RW          667    HEAP                startup_tm4c123.o
    0x20000040        -       0x00001000   Zero   RW          666    STACK               startup_tm4c123.o


==============================================================================

Image component sizes


      Code (inc. data)   RO Data    RW Data    ZI Data      Debug   Object Name

       196         18          0          0          0       1335   adc.o
         0          0       1274          0          0        864   alphabet.o
         0          0       1629          0          0        745   final_images.o
       656         34          0          0          0       5106   gpio_port.o
       196         26          0          0          0       1782   launchpad_io.o
      2996         38          0          0          0       8696   lcd.o
        28          0          0          0          0      28438   main.o
       124          0          0          0          0       2367   pc_buffer.o
       192         30         80         10          0       1417   pokemon_battle.o
       112         26        258          0          0        626   project_hardware_init.o
       180         30          0          8          0       1501   project_interrupts.o
       120         10          0          0          0        929   ps2.o
       548         24          0          2         28       5693   serial_debug.o
       252         10        620          0       4096       5424   startup_tm4c123.o
       592        138          0          4          0       1521   system_tm4c123.o
       788         26          0          0          0       3564   timers.o
       648         50          0          0          0      33603   uart.o

    ----------------------------------------------------------------------
      7628        460       3896         24       4124     103611   Object Totals
         0          0         32          0          0          0   (incl. Generated)
         0          0          3          0          0          0   (incl. Padding)

    ----------------------------------------------------------------------

      Code (inc. data)   RO Data    RW Data    ZI Data      Debug   Library Member Name

         0          0          0          0          0          0   entry.o
         0          0          0          0          0          0   entry10a.o
         0          0          0          0          0          0   entry11a.o
         8          4          0          0          0          0   entry2.o
         4          0          0          0          0          0   entry5.o
         0          0          0          0          0          0   entry7b.o
         0          0          0          0          0          0   entry8b.o
         8          4          0          0          0          0   entry9a.o
        30          0          0          0          0          0   handlers.o
        36          8          0          0          0         68   init.o
       108         16          0          0          0         84   malloc.o
        36          0          0          0          0         68   memcpya.o
         0          0          0          8          0          0   mvars.o
         0          0          0          4          0          0   stdout.o
        14          0          0          0          0         68   strlen.o

    ----------------------------------------------------------------------
       248         32          0         12          0        288   Library Totals
         4          0          0          0          0          0   (incl. Padding)

    ----------------------------------------------------------------------

      Code (inc. data)   RO Data    RW Data    ZI Data      Debug   Library Name

       244         32          0         12          0        288   mc_w.l

    ----------------------------------------------------------------------
       248         32          0         12          0        288   Library Totals

    ----------------------------------------------------------------------

==============================================================================


      Code (inc. data)   RO Data    RW Data    ZI Data      Debug   

      7876        492       3896         36       4124     102251   Grand Totals
      7876        492       3896         36       4124     102251   ELF Image Totals
      7876        492       3896         36          0          0   ROM Totals

==============================================================================

    Total RO  Size (Code + RO Data)                11772 (  11.50kB)
    Total RW  Size (RW Data + ZI Data)              4160 (   4.06kB)
    Total ROM Size (Code + RO Data + RW Data)      11808 (  11.53kB)

==============================================================================

