Component: ARM Compiler 5.06 update 6 (build 750) Tool: armlink [4d35ed]

==============================================================================

Section Cross References

    main.o(.text) refers to hw2.o(.text) for initialize_serial_debug
    main.o(.text) refers to lcd.o(.text) for lcd_config_gpio
    main.o(.text) refers to atoi.o(.text) for atoi
    main.o(.text) refers to hw2_images.o(.constdata) for space_shipBitmaps
    main.o(.text) refers to main.o(.data) for delta_y
    main.o(.data) refers to main.o(.conststring) for .conststring
    lcd.o(.text) refers to gpio_port.o(.text) for gpio_enable_port
    lcd.o(.text) refers to lcd.o(i.lcd_write_data_u16) for lcd_write_data_u16
    startup_tm4c123.o(RESET) refers to startup_tm4c123.o(STACK) for __initial_sp
    startup_tm4c123.o(RESET) refers to startup_tm4c123.o(.text) for Reset_Handler
    startup_tm4c123.o(.text) refers to system_tm4c123.o(.text) for SystemInit
    startup_tm4c123.o(.text) refers to entry.o(.ARM.Collect$$$$00000000) for __main
    system_tm4c123.o(.text) refers to system_tm4c123.o(.data) for SystemCoreClock
    entry.o(.ARM.Collect$$$$00000000) refers (Special) to entry10a.o(.ARM.Collect$$$$0000000D) for __rt_final_cpp
    entry.o(.ARM.Collect$$$$00000000) refers (Special) to entry11a.o(.ARM.Collect$$$$0000000F) for __rt_final_exit
    entry.o(.ARM.Collect$$$$00000000) refers (Special) to entry7b.o(.ARM.Collect$$$$00000008) for _main_clock
    entry.o(.ARM.Collect$$$$00000000) refers (Special) to entry8b.o(.ARM.Collect$$$$0000000A) for _main_cpp_init
    entry.o(.ARM.Collect$$$$00000000) refers (Special) to entry9a.o(.ARM.Collect$$$$0000000B) for _main_init
    entry.o(.ARM.Collect$$$$00000000) refers (Special) to entry5.o(.ARM.Collect$$$$00000004) for _main_scatterload
    entry.o(.ARM.Collect$$$$00000000) refers (Special) to entry2.o(.ARM.Collect$$$$00000001) for _main_stk
    atoi.o(.text) refers to errno.o(i.__aeabi_errno_addr) for __aeabi_errno_addr
    atoi.o(.text) refers to strtol.o(.text) for strtol
    entry2.o(.ARM.Collect$$$$00000001) refers to entry2.o(.ARM.Collect$$$$00002712) for __lit__00000000
    entry2.o(.ARM.Collect$$$$00002712) refers to startup_tm4c123.o(STACK) for __initial_sp
    entry2.o(__vectab_stack_and_reset_area) refers to startup_tm4c123.o(STACK) for __initial_sp
    entry2.o(__vectab_stack_and_reset_area) refers to entry.o(.ARM.Collect$$$$00000000) for __main
    entry5.o(.ARM.Collect$$$$00000004) refers to init.o(.text) for __scatterload
    entry9a.o(.ARM.Collect$$$$0000000B) refers to main.o(.text) for main
    entry9b.o(.ARM.Collect$$$$0000000C) refers to main.o(.text) for main
    errno.o(i.__aeabi_errno_addr) refers to errno.o(.data) for .data
    errno.o(i.__read_errno) refers to errno.o(.data) for .data
    errno.o(i.__set_errno) refers to errno.o(.data) for .data
    strtol.o(.text) refers to ctype_o.o(.text) for __rt_ctype_table
    strtol.o(.text) refers to _strtoul.o(.text) for _strtoul
    strtol.o(.text) refers to errno.o(i.__aeabi_errno_addr) for __aeabi_errno_addr
    init.o(.text) refers to entry5.o(.ARM.Collect$$$$00000004) for __main_after_scatterload
    ctype_o.o(.text) refers to ctype_o.o(.constdata) for .constdata
    ctype_o.o(.constdata) refers to ctype_o.o(.constdata) for __ctype_table
    isalnum_o.o(.text) refers to ctype_o.o(.text) for __rt_ctype_table
    isalpha_o.o(.text) refers to ctype_o.o(.text) for __rt_ctype_table
    isblank_o.o(.text) refers to ctype_o.o(.constdata) for __ctype_table
    iscntrl_o.o(.text) refers to ctype_o.o(.text) for __rt_ctype_table
    isdigit_o.o(.text) refers to ctype_o.o(.text) for __rt_ctype_table
    isgraph_o.o(.text) refers to ctype_o.o(.text) for __rt_ctype_table
    islower_o.o(.text) refers to ctype_o.o(.text) for __rt_ctype_table
    isprint_o.o(.text) refers to ctype_o.o(.text) for __rt_ctype_table
    ispunct_o.o(.text) refers to ctype_o.o(.text) for __rt_ctype_table
    isspace_o.o(.text) refers to ctype_o.o(.text) for __rt_ctype_table
    isupper_o.o(.text) refers to ctype_o.o(.text) for __rt_ctype_table
    isxdigit_o.o(.text) refers to ctype_o.o(.text) for __rt_ctype_table
    _strtoul.o(.text) refers to _chval.o(.text) for _chval
    _strtoul.o(.text) refers to errno.o(i.__aeabi_errno_addr) for __aeabi_errno_addr
    lcd.o(i.lcd_write_data_u16) refers to gpio_port.o(.text) for gpio_enable_port


==============================================================================

Removing Unused input sections from the image.

    Removing main.o(.rev16_text), (4 bytes).
    Removing main.o(.revsh_text), (4 bytes).
    Removing main.o(.rrx_text), (6 bytes).
    Removing gpio_port.o(.rev16_text), (4 bytes).
    Removing gpio_port.o(.revsh_text), (4 bytes).
    Removing gpio_port.o(.rrx_text), (6 bytes).
    Removing lcd.o(.rev16_text), (4 bytes).
    Removing lcd.o(.revsh_text), (4 bytes).
    Removing lcd.o(.rrx_text), (6 bytes).
    Removing startup_tm4c123.o(HEAP), (0 bytes).
    Removing system_tm4c123.o(.rev16_text), (4 bytes).
    Removing system_tm4c123.o(.revsh_text), (4 bytes).
    Removing system_tm4c123.o(.rrx_text), (6 bytes).
    Removing hw2.o(.rev16_text), (4 bytes).
    Removing hw2.o(.revsh_text), (4 bytes).
    Removing hw2.o(.rrx_text), (6 bytes).

16 unused section(s) (total 70 bytes) removed from the image.

==============================================================================

Image Symbol Table

    Local Symbols

    Symbol Name                              Value     Ov Type        Size  Object(Section)

    RESET                                    0x00000000   Section      620  startup_tm4c123.o(RESET)
    ../clib/microlib/ctype/ctype.c           0x00000000   Number         0  isxdigit_o.o ABSOLUTE
    ../clib/microlib/ctype/ctype.c           0x00000000   Number         0  isupper_o.o ABSOLUTE
    ../clib/microlib/ctype/ctype.c           0x00000000   Number         0  ispunct_o.o ABSOLUTE
    ../clib/microlib/ctype/ctype.c           0x00000000   Number         0  ctype_o.o ABSOLUTE
    ../clib/microlib/ctype/ctype.c           0x00000000   Number         0  isprint_o.o ABSOLUTE
    ../clib/microlib/ctype/ctype.c           0x00000000   Number         0  isspace_o.o ABSOLUTE
    ../clib/microlib/ctype/ctype.c           0x00000000   Number         0  isgraph_o.o ABSOLUTE
    ../clib/microlib/ctype/ctype.c           0x00000000   Number         0  islower_o.o ABSOLUTE
    ../clib/microlib/ctype/ctype.c           0x00000000   Number         0  isalpha_o.o ABSOLUTE
    ../clib/microlib/ctype/ctype.c           0x00000000   Number         0  isdigit_o.o ABSOLUTE
    ../clib/microlib/ctype/ctype.c           0x00000000   Number         0  iscntrl_o.o ABSOLUTE
    ../clib/microlib/ctype/ctype.c           0x00000000   Number         0  isblank_o.o ABSOLUTE
    ../clib/microlib/ctype/ctype.c           0x00000000   Number         0  isalnum_o.o ABSOLUTE
    ../clib/microlib/errno.c                 0x00000000   Number         0  errno.o ABSOLUTE
    ../clib/microlib/init/entry.s            0x00000000   Number         0  entry5.o ABSOLUTE
    ../clib/microlib/init/entry.s            0x00000000   Number         0  entry2.o ABSOLUTE
    ../clib/microlib/init/entry.s            0x00000000   Number         0  entry11b.o ABSOLUTE
    ../clib/microlib/init/entry.s            0x00000000   Number         0  entry8b.o ABSOLUTE
    ../clib/microlib/init/entry.s            0x00000000   Number         0  entry8a.o ABSOLUTE
    ../clib/microlib/init/entry.s            0x00000000   Number         0  entry11a.o ABSOLUTE
    ../clib/microlib/init/entry.s            0x00000000   Number         0  entry10b.o ABSOLUTE
    ../clib/microlib/init/entry.s            0x00000000   Number         0  entry10a.o ABSOLUTE
    ../clib/microlib/init/entry.s            0x00000000   Number         0  entry9b.o ABSOLUTE
    ../clib/microlib/init/entry.s            0x00000000   Number         0  entry.o ABSOLUTE
    ../clib/microlib/init/entry.s            0x00000000   Number         0  entry9a.o ABSOLUTE
    ../clib/microlib/init/entry.s            0x00000000   Number         0  entry7a.o ABSOLUTE
    ../clib/microlib/init/entry.s            0x00000000   Number         0  entry7b.o ABSOLUTE
    ../clib/scanf.c                          0x00000000   Number         0  strtol.o ABSOLUTE
    ../clib/scanf.c                          0x00000000   Number         0  atoi.o ABSOLUTE
    ../clib/scanf.c                          0x00000000   Number         0  _strtoul.o ABSOLUTE
    ../clib/scanf.c                          0x00000000   Number         0  _chval.o ABSOLUTE
    ..\\drivers\\c\\gpio_port.c              0x00000000   Number         0  gpio_port.o ABSOLUTE
    ..\\peripherals\\c\\lcd.c                0x00000000   Number         0  lcd.o ABSOLUTE
    ..\drivers\c\gpio_port.c                 0x00000000   Number         0  gpio_port.o ABSOLUTE
    ..\peripherals\c\lcd.c                   0x00000000   Number         0  lcd.o ABSOLUTE
    RTE\Device\TM4C123GH6PM\startup_TM4C123.s 0x00000000   Number         0  startup_tm4c123.o ABSOLUTE
    RTE\Device\TM4C123GH6PM\system_TM4C123.c 0x00000000   Number         0  system_tm4c123.o ABSOLUTE
    RTE\\Device\\TM4C123GH6PM\\system_TM4C123.c 0x00000000   Number         0  system_tm4c123.o ABSOLUTE
    dc.s                                     0x00000000   Number         0  dc.o ABSOLUTE
    handlers.s                               0x00000000   Number         0  handlers.o ABSOLUTE
    hw2.c                                    0x00000000   Number         0  hw2.o ABSOLUTE
    hw2.c                                    0x00000000   Number         0  hw2.o ABSOLUTE
    hw2_images.c                             0x00000000   Number         0  hw2_images.o ABSOLUTE
    init.s                                   0x00000000   Number         0  init.o ABSOLUTE
    main.c                                   0x00000000   Number         0  main.o ABSOLUTE
    main.c                                   0x00000000   Number         0  main.o ABSOLUTE
    .ARM.Collect$$$$00000000                 0x0000026c   Section        0  entry.o(.ARM.Collect$$$$00000000)
    .ARM.Collect$$$$00000001                 0x0000026c   Section        4  entry2.o(.ARM.Collect$$$$00000001)
    .ARM.Collect$$$$00000004                 0x00000270   Section        4  entry5.o(.ARM.Collect$$$$00000004)
    .ARM.Collect$$$$00000008                 0x00000274   Section        0  entry7b.o(.ARM.Collect$$$$00000008)
    .ARM.Collect$$$$0000000A                 0x00000274   Section        0  entry8b.o(.ARM.Collect$$$$0000000A)
    .ARM.Collect$$$$0000000B                 0x00000274   Section        8  entry9a.o(.ARM.Collect$$$$0000000B)
    .ARM.Collect$$$$0000000D                 0x0000027c   Section        0  entry10a.o(.ARM.Collect$$$$0000000D)
    .ARM.Collect$$$$0000000F                 0x0000027c   Section        0  entry11a.o(.ARM.Collect$$$$0000000F)
    .ARM.Collect$$$$00002712                 0x0000027c   Section        4  entry2.o(.ARM.Collect$$$$00002712)
    __lit__00000000                          0x0000027c   Data           4  entry2.o(.ARM.Collect$$$$00002712)
    .text                                    0x00000280   Section        0  main.o(.text)
    .text                                    0x000004f4   Section        0  gpio_port.o(.text)
    verify_base_addr                         0x000004f5   Thumb Code    64  gpio_port.o(.text)
    .text                                    0x00000784   Section        0  lcd.o(.text)
    delayms                                  0x00000785   Thumb Code    26  lcd.o(.text)
    lcd_write_cmd_u8                         0x0000079f   Thumb Code   264  lcd.o(.text)
    lcd_write_data_u8                        0x000008a7   Thumb Code   186  lcd.o(.text)
    .text                                    0x00000d90   Section      252  startup_tm4c123.o(.text)
    $v0                                      0x00000d90   Number         0  startup_tm4c123.o(.text)
    .text                                    0x00000e8c   Section        0  system_tm4c123.o(.text)
    getOscClk                                0x00000e8d   Thumb Code   182  system_tm4c123.o(.text)
    .text                                    0x000010d8   Section        0  hw2.o(.text)
    .text                                    0x00001228   Section        0  atoi.o(.text)
    .text                                    0x00001242   Section        0  strtol.o(.text)
    .text                                    0x000012b4   Section       36  init.o(.text)
    .text                                    0x000012d8   Section        0  ctype_o.o(.text)
    .text                                    0x000012e0   Section        0  _strtoul.o(.text)
    .text                                    0x0000137e   Section        0  _chval.o(.text)
    i.__aeabi_errno_addr                     0x0000139c   Section        0  errno.o(i.__aeabi_errno_addr)
    i.__scatterload_copy                     0x000013a4   Section       14  handlers.o(i.__scatterload_copy)
    i.__scatterload_null                     0x000013b2   Section        2  handlers.o(i.__scatterload_null)
    i.__scatterload_zeroinit                 0x000013b4   Section       14  handlers.o(i.__scatterload_zeroinit)
    i.lcd_write_data_u16                     0x000013c4   Section        0  lcd.o(i.lcd_write_data_u16)
    .constdata                               0x00001500   Section      254  hw2_images.o(.constdata)
    .constdata                               0x000015fe   Section      129  ctype_o.o(.constdata)
    .constdata                               0x00001680   Section        4  ctype_o.o(.constdata)
    table                                    0x00001680   Data           4  ctype_o.o(.constdata)
    .conststring                             0x00001684   Section       88  main.o(.conststring)
    .data                                    0x20000000   Section       60  main.o(.data)
    .data                                    0x2000003c   Section        4  system_tm4c123.o(.data)
    .data                                    0x20000040   Section        4  errno.o(.data)
    _errno                                   0x20000040   Data           4  errno.o(.data)
    STACK                                    0x20000048   Section      512  startup_tm4c123.o(STACK)

    Global Symbols

    Symbol Name                              Value     Ov Type        Size  Object(Section)

    BuildAttributes$$THM_ISAv4$E$P$D$K$B$S$7EM$VFPi3$EXTD16$VFPS$VFMA$PE$A:L22UL41UL21$X:L11$S22US41US21$IEEE1$IW$USESV6$~STKCKD$USESV7$~SHL$OSPACE$EBA8$MICROLIB$REQ8$PRES8$EABIv2 0x00000000   Number         0  anon$$obj.o ABSOLUTE
    __ARM_use_no_argv                        0x00000000   Number         0  main.o ABSOLUTE
    __Vectors                                0x00000000   Data           4  startup_tm4c123.o(RESET)
    __cpp_initialize__aeabi_                  - Undefined Weak Reference
    __cxa_finalize                            - Undefined Weak Reference
    __decompress                              - Undefined Weak Reference
    _clock_init                               - Undefined Weak Reference
    _microlib_exit                            - Undefined Weak Reference
    __Vectors_End                            0x0000026c   Data           0  startup_tm4c123.o(RESET)
    __Vectors_Size                           0x0000026c   Number         0  startup_tm4c123.o ABSOLUTE
    __main                                   0x0000026d   Thumb Code     0  entry.o(.ARM.Collect$$$$00000000)
    _main_stk                                0x0000026d   Thumb Code     0  entry2.o(.ARM.Collect$$$$00000001)
    _main_scatterload                        0x00000271   Thumb Code     0  entry5.o(.ARM.Collect$$$$00000004)
    __main_after_scatterload                 0x00000275   Thumb Code     0  entry5.o(.ARM.Collect$$$$00000004)
    _main_clock                              0x00000275   Thumb Code     0  entry7b.o(.ARM.Collect$$$$00000008)
    _main_cpp_init                           0x00000275   Thumb Code     0  entry8b.o(.ARM.Collect$$$$0000000A)
    _main_init                               0x00000275   Thumb Code     0  entry9a.o(.ARM.Collect$$$$0000000B)
    __rt_final_cpp                           0x0000027d   Thumb Code     0  entry10a.o(.ARM.Collect$$$$0000000D)
    __rt_final_exit                          0x0000027d   Thumb Code     0  entry11a.o(.ARM.Collect$$$$0000000F)
    init_hardware                            0x00000281   Thumb Code    22  main.o(.text)
    calculate_delay                          0x00000297   Thumb Code    24  main.o(.text)
    get_delta                                0x000002af   Thumb Code    56  main.o(.text)
    get_pixels                               0x000002e7   Thumb Code    40  main.o(.text)
    main                                     0x0000030f   Thumb Code   372  main.o(.text)
    gpio_get_irq_num                         0x00000535   Thumb Code    74  gpio_port.o(.text)
    gpio_enable_port                         0x0000057f   Thumb Code   156  gpio_port.o(.text)
    gpio_config_digital_enable               0x0000061b   Thumb Code    34  gpio_port.o(.text)
    gpio_config_enable_output                0x0000063d   Thumb Code    34  gpio_port.o(.text)
    gpio_config_enable_input                 0x0000065f   Thumb Code    34  gpio_port.o(.text)
    gpio_config_enable_pullup                0x00000681   Thumb Code    34  gpio_port.o(.text)
    gpio_config_enable_pulldown              0x000006a3   Thumb Code    34  gpio_port.o(.text)
    gpio_config_analog_enable                0x000006c5   Thumb Code    34  gpio_port.o(.text)
    gpio_config_alternate_function           0x000006e7   Thumb Code    34  gpio_port.o(.text)
    gpio_config_port_control                 0x00000709   Thumb Code    50  gpio_port.o(.text)
    gpio_config_open_drain                   0x0000073b   Thumb Code    34  gpio_port.o(.text)
    gpio_config_falling_edge_irq             0x0000075d   Thumb Code     6  gpio_port.o(.text)
    lcd_set_pos                              0x00000961   Thumb Code    58  lcd.o(.text)
    lcd_clear_screen                         0x0000099b   Thumb Code    52  lcd.o(.text)
    lcd_draw_image                           0x000009cf   Thumb Code   242  lcd.o(.text)
    lcd_config_gpio                          0x00000ac1   Thumb Code   152  lcd.o(.text)
    lcd_config_screen                        0x00000b59   Thumb Code   566  lcd.o(.text)
    Reset_Handler                            0x00000d91   Thumb Code     8  startup_tm4c123.o(.text)
    NMI_Handler                              0x00000d99   Thumb Code     2  startup_tm4c123.o(.text)
    HardFault_Handler                        0x00000d9b   Thumb Code     2  startup_tm4c123.o(.text)
    MemManage_Handler                        0x00000d9d   Thumb Code     2  startup_tm4c123.o(.text)
    BusFault_Handler                         0x00000d9f   Thumb Code     2  startup_tm4c123.o(.text)
    UsageFault_Handler                       0x00000da1   Thumb Code     2  startup_tm4c123.o(.text)
    SVC_Handler                              0x00000da3   Thumb Code     2  startup_tm4c123.o(.text)
    DebugMon_Handler                         0x00000da5   Thumb Code     2  startup_tm4c123.o(.text)
    PendSV_Handler                           0x00000da7   Thumb Code     2  startup_tm4c123.o(.text)
    SysTick_Handler                          0x00000da9   Thumb Code     2  startup_tm4c123.o(.text)
    GPIOA_Handler                            0x00000dab   Thumb Code     2  startup_tm4c123.o(.text)
    GPIOB_Handler                            0x00000dad   Thumb Code     2  startup_tm4c123.o(.text)
    GPIOC_Handler                            0x00000daf   Thumb Code     2  startup_tm4c123.o(.text)
    GPIOD_Handler                            0x00000db1   Thumb Code     2  startup_tm4c123.o(.text)
    GPIOE_Handler                            0x00000db3   Thumb Code     2  startup_tm4c123.o(.text)
    UART0_Handler                            0x00000db5   Thumb Code     2  startup_tm4c123.o(.text)
    UART1_Handler                            0x00000db7   Thumb Code     2  startup_tm4c123.o(.text)
    SSI0_Handler                             0x00000db9   Thumb Code     2  startup_tm4c123.o(.text)
    I2C0_Handler                             0x00000dbb   Thumb Code     2  startup_tm4c123.o(.text)
    PMW0_FAULT_Handler                       0x00000dbd   Thumb Code     2  startup_tm4c123.o(.text)
    PWM0_0_Handler                           0x00000dbf   Thumb Code     2  startup_tm4c123.o(.text)
    PWM0_1_Handler                           0x00000dc1   Thumb Code     2  startup_tm4c123.o(.text)
    PWM0_2_Handler                           0x00000dc3   Thumb Code     2  startup_tm4c123.o(.text)
    QEI0_Handler                             0x00000dc5   Thumb Code     2  startup_tm4c123.o(.text)
    ADC0SS0_Handler                          0x00000dc7   Thumb Code     2  startup_tm4c123.o(.text)
    ADC0SS1_Handler                          0x00000dc9   Thumb Code     2  startup_tm4c123.o(.text)
    ADC0SS2_Handler                          0x00000dcb   Thumb Code     2  startup_tm4c123.o(.text)
    ADC0SS3_Handler                          0x00000dcd   Thumb Code     2  startup_tm4c123.o(.text)
    WDT0_Handler                             0x00000dcf   Thumb Code     2  startup_tm4c123.o(.text)
    TIMER0A_Handler                          0x00000dd1   Thumb Code     2  startup_tm4c123.o(.text)
    TIMER0B_Handler                          0x00000dd3   Thumb Code     2  startup_tm4c123.o(.text)
    TIMER1A_Handler                          0x00000dd5   Thumb Code     2  startup_tm4c123.o(.text)
    TIMER1B_Handler                          0x00000dd7   Thumb Code     2  startup_tm4c123.o(.text)
    TIMER2A_Handler                          0x00000dd9   Thumb Code     2  startup_tm4c123.o(.text)
    TIMER2B_Handler                          0x00000ddb   Thumb Code     2  startup_tm4c123.o(.text)
    COMP0_Handler                            0x00000ddd   Thumb Code     2  startup_tm4c123.o(.text)
    COMP1_Handler                            0x00000ddf   Thumb Code     2  startup_tm4c123.o(.text)
    COMP2_Handler                            0x00000de1   Thumb Code     2  startup_tm4c123.o(.text)
    SYSCTL_Handler                           0x00000de3   Thumb Code     2  startup_tm4c123.o(.text)
    FLASH_Handler                            0x00000de5   Thumb Code     2  startup_tm4c123.o(.text)
    GPIOF_Handler                            0x00000de7   Thumb Code     2  startup_tm4c123.o(.text)
    GPIOG_Handler                            0x00000de9   Thumb Code     2  startup_tm4c123.o(.text)
    GPIOH_Handler                            0x00000deb   Thumb Code     2  startup_tm4c123.o(.text)
    UART2_Handler                            0x00000ded   Thumb Code     2  startup_tm4c123.o(.text)
    SSI1_Handler                             0x00000def   Thumb Code     2  startup_tm4c123.o(.text)
    TIMER3A_Handler                          0x00000df1   Thumb Code     2  startup_tm4c123.o(.text)
    TIMER3B_Handler                          0x00000df3   Thumb Code     2  startup_tm4c123.o(.text)
    I2C1_Handler                             0x00000df5   Thumb Code     2  startup_tm4c123.o(.text)
    QEI1_Handler                             0x00000df7   Thumb Code     2  startup_tm4c123.o(.text)
    CAN0_Handler                             0x00000df9   Thumb Code     2  startup_tm4c123.o(.text)
    CAN1_Handler                             0x00000dfb   Thumb Code     2  startup_tm4c123.o(.text)
    CAN2_Handler                             0x00000dfd   Thumb Code     2  startup_tm4c123.o(.text)
    HIB_Handler                              0x00000dff   Thumb Code     2  startup_tm4c123.o(.text)
    USB0_Handler                             0x00000e01   Thumb Code     2  startup_tm4c123.o(.text)
    PWM0_3_Handler                           0x00000e03   Thumb Code     2  startup_tm4c123.o(.text)
    UDMA_Handler                             0x00000e05   Thumb Code     2  startup_tm4c123.o(.text)
    UDMAERR_Handler                          0x00000e07   Thumb Code     2  startup_tm4c123.o(.text)
    ADC1SS0_Handler                          0x00000e09   Thumb Code     2  startup_tm4c123.o(.text)
    ADC1SS1_Handler                          0x00000e0b   Thumb Code     2  startup_tm4c123.o(.text)
    ADC1SS2_Handler                          0x00000e0d   Thumb Code     2  startup_tm4c123.o(.text)
    ADC1SS3_Handler                          0x00000e0f   Thumb Code     2  startup_tm4c123.o(.text)
    GPIOJ_Handler                            0x00000e11   Thumb Code     2  startup_tm4c123.o(.text)
    GPIOK_Handler                            0x00000e13   Thumb Code     2  startup_tm4c123.o(.text)
    GPIOL_Handler                            0x00000e15   Thumb Code     2  startup_tm4c123.o(.text)
    SSI2_Handler                             0x00000e17   Thumb Code     2  startup_tm4c123.o(.text)
    SSI3_Handler                             0x00000e19   Thumb Code     2  startup_tm4c123.o(.text)
    UART3_Handler                            0x00000e1b   Thumb Code     2  startup_tm4c123.o(.text)
    UART4_Handler                            0x00000e1d   Thumb Code     2  startup_tm4c123.o(.text)
    UART5_Handler                            0x00000e1f   Thumb Code     2  startup_tm4c123.o(.text)
    UART6_Handler                            0x00000e21   Thumb Code     2  startup_tm4c123.o(.text)
    UART7_Handler                            0x00000e23   Thumb Code     2  startup_tm4c123.o(.text)
    I2C2_Handler                             0x00000e25   Thumb Code     2  startup_tm4c123.o(.text)
    I2C3_Handler                             0x00000e27   Thumb Code     2  startup_tm4c123.o(.text)
    TIMER4A_Handler                          0x00000e29   Thumb Code     2  startup_tm4c123.o(.text)
    TIMER4B_Handler                          0x00000e2b   Thumb Code     2  startup_tm4c123.o(.text)
    TIMER5A_Handler                          0x00000e2d   Thumb Code     2  startup_tm4c123.o(.text)
    TIMER5B_Handler                          0x00000e2f   Thumb Code     2  startup_tm4c123.o(.text)
    WTIMER0A_Handler                         0x00000e31   Thumb Code     2  startup_tm4c123.o(.text)
    WTIMER0B_Handler                         0x00000e33   Thumb Code     2  startup_tm4c123.o(.text)
    WTIMER1A_Handler                         0x00000e35   Thumb Code     2  startup_tm4c123.o(.text)
    WTIMER1B_Handler                         0x00000e37   Thumb Code     2  startup_tm4c123.o(.text)
    WTIMER2A_Handler                         0x00000e39   Thumb Code     2  startup_tm4c123.o(.text)
    WTIMER2B_Handler                         0x00000e3b   Thumb Code     2  startup_tm4c123.o(.text)
    WTIMER3A_Handler                         0x00000e3d   Thumb Code     2  startup_tm4c123.o(.text)
    WTIMER3B_Handler                         0x00000e3f   Thumb Code     2  startup_tm4c123.o(.text)
    WTIMER4A_Handler                         0x00000e41   Thumb Code     2  startup_tm4c123.o(.text)
    WTIMER4B_Handler                         0x00000e43   Thumb Code     2  startup_tm4c123.o(.text)
    WTIMER5A_Handler                         0x00000e45   Thumb Code     2  startup_tm4c123.o(.text)
    WTIMER5B_Handler                         0x00000e47   Thumb Code     2  startup_tm4c123.o(.text)
    FPU_Handler                              0x00000e49   Thumb Code     2  startup_tm4c123.o(.text)
    I2C4_Handler                             0x00000e4b   Thumb Code     2  startup_tm4c123.o(.text)
    I2C5_Handler                             0x00000e4d   Thumb Code     2  startup_tm4c123.o(.text)
    GPIOM_Handler                            0x00000e4f   Thumb Code     2  startup_tm4c123.o(.text)
    GPION_Handler                            0x00000e51   Thumb Code     2  startup_tm4c123.o(.text)
    QEI2_Handler                             0x00000e53   Thumb Code     2  startup_tm4c123.o(.text)
    GPIOP0_Handler                           0x00000e55   Thumb Code     2  startup_tm4c123.o(.text)
    GPIOP1_Handler                           0x00000e57   Thumb Code     2  startup_tm4c123.o(.text)
    GPIOP2_Handler                           0x00000e59   Thumb Code     2  startup_tm4c123.o(.text)
    GPIOP3_Handler                           0x00000e5b   Thumb Code     2  startup_tm4c123.o(.text)
    GPIOP4_Handler                           0x00000e5d   Thumb Code     2  startup_tm4c123.o(.text)
    GPIOP5_Handler                           0x00000e5f   Thumb Code     2  startup_tm4c123.o(.text)
    GPIOP6_Handler                           0x00000e61   Thumb Code     2  startup_tm4c123.o(.text)
    GPIOP7_Handler                           0x00000e63   Thumb Code     2  startup_tm4c123.o(.text)
    GPIOQ0_Handler                           0x00000e65   Thumb Code     2  startup_tm4c123.o(.text)
    GPIOQ1_Handler                           0x00000e67   Thumb Code     2  startup_tm4c123.o(.text)
    GPIOQ2_Handler                           0x00000e69   Thumb Code     2  startup_tm4c123.o(.text)
    GPIOQ3_Handler                           0x00000e6b   Thumb Code     2  startup_tm4c123.o(.text)
    GPIOQ4_Handler                           0x00000e6d   Thumb Code     2  startup_tm4c123.o(.text)
    GPIOQ5_Handler                           0x00000e6f   Thumb Code     2  startup_tm4c123.o(.text)
    GPIOQ6_Handler                           0x00000e71   Thumb Code     2  startup_tm4c123.o(.text)
    GPIOQ7_Handler                           0x00000e73   Thumb Code     2  startup_tm4c123.o(.text)
    GPIOR_Handler                            0x00000e75   Thumb Code     2  startup_tm4c123.o(.text)
    GPIOS_Handler                            0x00000e77   Thumb Code     2  startup_tm4c123.o(.text)
    PMW1_0_Handler                           0x00000e79   Thumb Code     2  startup_tm4c123.o(.text)
    PWM1_1_Handler                           0x00000e7b   Thumb Code     2  startup_tm4c123.o(.text)
    PWM1_2_Handler                           0x00000e7d   Thumb Code     2  startup_tm4c123.o(.text)
    PWM1_3_Handler                           0x00000e7f   Thumb Code     2  startup_tm4c123.o(.text)
    PWM1_FAULT_Handler                       0x00000e81   Thumb Code     2  startup_tm4c123.o(.text)
    SystemCoreClockUpdate                    0x00000f43   Thumb Code   184  system_tm4c123.o(.text)
    SystemInit                               0x00000ffb   Thumb Code   112  system_tm4c123.o(.text)
    staff_uart_config_gpio                   0x000010d9   Thumb Code    82  hw2.o(.text)
    staff_uart_config_polling                0x0000112b   Thumb Code    68  hw2.o(.text)
    put_string                               0x0000116f   Thumb Code    34  hw2.o(.text)
    put_char                                 0x00001191   Thumb Code    20  hw2.o(.text)
    get_char                                 0x000011a5   Thumb Code    62  hw2.o(.text)
    get_string                               0x000011e3   Thumb Code    40  hw2.o(.text)
    initialize_serial_debug                  0x0000120b   Thumb Code    12  hw2.o(.text)
    atoi                                     0x00001229   Thumb Code    26  atoi.o(.text)
    strtol                                   0x00001243   Thumb Code   112  strtol.o(.text)
    __scatterload                            0x000012b5   Thumb Code    28  init.o(.text)
    __scatterload_rt2                        0x000012b5   Thumb Code     0  init.o(.text)
    __rt_ctype_table                         0x000012d9   Thumb Code     4  ctype_o.o(.text)
    _strtoul                                 0x000012e1   Thumb Code   158  _strtoul.o(.text)
    _chval                                   0x0000137f   Thumb Code    28  _chval.o(.text)
    __aeabi_errno_addr                       0x0000139d   Thumb Code     4  errno.o(i.__aeabi_errno_addr)
    __rt_errno_addr                          0x0000139d   Thumb Code     0  errno.o(i.__aeabi_errno_addr)
    __scatterload_copy                       0x000013a5   Thumb Code    14  handlers.o(i.__scatterload_copy)
    __scatterload_null                       0x000013b3   Thumb Code     2  handlers.o(i.__scatterload_null)
    __scatterload_zeroinit                   0x000013b5   Thumb Code    14  handlers.o(i.__scatterload_zeroinit)
    lcd_write_data_u16                       0x000013c5   Thumb Code   300  lcd.o(i.lcd_write_data_u16)
    space_shipBitmaps                        0x00001500   Data         252  hw2_images.o(.constdata)
    space_shipWidthPixels                    0x000015fc   Data           1  hw2_images.o(.constdata)
    space_shipHeightPixels                   0x000015fd   Data           1  hw2_images.o(.constdata)
    __ctype_table                            0x000015fe   Data         129  ctype_o.o(.constdata)
    Region$$Table$$Base                      0x000016dc   Number         0  anon$$obj.o(Region$$Table)
    Region$$Table$$Limit                     0x000016fc   Number         0  anon$$obj.o(Region$$Table)
    COMMANDS                                 0x20000000   Data          48  main.o(.data)
    NUM_CMD                                  0x20000030   Data           4  main.o(.data)
    delta_x                                  0x20000034   Data           4  main.o(.data)
    delta_y                                  0x20000038   Data           4  main.o(.data)
    SystemCoreClock                          0x2000003c   Data           4  system_tm4c123.o(.data)
    __initial_sp                             0x20000248   Data           0  startup_tm4c123.o(STACK)



==============================================================================

Memory Map of the image

  Image Entry point : 0x00000d91

  Load Region LR_1 (Base: 0x00000000, Size: 0x00001740, Max: 0xffffffff, ABSOLUTE)

    Execution Region ER_RO (Exec base: 0x00000000, Load base: 0x00000000, Size: 0x000016fc, Max: 0xffffffff, ABSOLUTE)

    Exec Addr    Load Addr    Size         Type   Attr      Idx    E Section Name        Object

    0x00000000   0x00000000   0x0000026c   Data   RO          166    RESET               startup_tm4c123.o
    0x0000026c   0x0000026c   0x00000000   Code   RO          261  * .ARM.Collect$$$$00000000  mc_w.l(entry.o)
    0x0000026c   0x0000026c   0x00000004   Code   RO          266    .ARM.Collect$$$$00000001  mc_w.l(entry2.o)
    0x00000270   0x00000270   0x00000004   Code   RO          269    .ARM.Collect$$$$00000004  mc_w.l(entry5.o)
    0x00000274   0x00000274   0x00000000   Code   RO          271    .ARM.Collect$$$$00000008  mc_w.l(entry7b.o)
    0x00000274   0x00000274   0x00000000   Code   RO          273    .ARM.Collect$$$$0000000A  mc_w.l(entry8b.o)
    0x00000274   0x00000274   0x00000008   Code   RO          274    .ARM.Collect$$$$0000000B  mc_w.l(entry9a.o)
    0x0000027c   0x0000027c   0x00000000   Code   RO          276    .ARM.Collect$$$$0000000D  mc_w.l(entry10a.o)
    0x0000027c   0x0000027c   0x00000000   Code   RO          278    .ARM.Collect$$$$0000000F  mc_w.l(entry11a.o)
    0x0000027c   0x0000027c   0x00000004   Code   RO          267    .ARM.Collect$$$$00002712  mc_w.l(entry2.o)
    0x00000280   0x00000280   0x00000274   Code   RO            4    .text               main.o
    0x000004f4   0x000004f4   0x00000290   Code   RO          100    .text               gpio_port.o
    0x00000784   0x00000784   0x0000060a   Code   RO          124    .text               lcd.o
    0x00000d8e   0x00000d8e   0x00000002   PAD
    0x00000d90   0x00000d90   0x000000fc   Code   RO          167  * .text               startup_tm4c123.o
    0x00000e8c   0x00000e8c   0x0000024c   Code   RO          174    .text               system_tm4c123.o
    0x000010d8   0x000010d8   0x00000150   Code   RO          204    .text               hw2_f18.lib(hw2.o)
    0x00001228   0x00001228   0x0000001a   Code   RO          264    .text               mc_w.l(atoi.o)
    0x00001242   0x00001242   0x00000070   Code   RO          287    .text               mc_w.l(strtol.o)
    0x000012b2   0x000012b2   0x00000002   PAD
    0x000012b4   0x000012b4   0x00000024   Code   RO          289    .text               mc_w.l(init.o)
    0x000012d8   0x000012d8   0x00000008   Code   RO          291    .text               mc_w.l(ctype_o.o)
    0x000012e0   0x000012e0   0x0000009e   Code   RO          319    .text               mc_w.l(_strtoul.o)
    0x0000137e   0x0000137e   0x0000001c   Code   RO          321    .text               mc_w.l(_chval.o)
    0x0000139a   0x0000139a   0x00000002   PAD
    0x0000139c   0x0000139c   0x00000008   Code   RO          280    i.__aeabi_errno_addr  mc_w.l(errno.o)
    0x000013a4   0x000013a4   0x0000000e   Code   RO          325    i.__scatterload_copy  mc_w.l(handlers.o)
    0x000013b2   0x000013b2   0x00000002   Code   RO          326    i.__scatterload_null  mc_w.l(handlers.o)
    0x000013b4   0x000013b4   0x0000000e   Code   RO          327    i.__scatterload_zeroinit  mc_w.l(handlers.o)
    0x000013c2   0x000013c2   0x00000002   PAD
    0x000013c4   0x000013c4   0x0000013c   Code   RO          142    i.lcd_write_data_u16  lcd.o
    0x00001500   0x00001500   0x000000fe   Data   RO          151    .constdata          hw2_images.o
    0x000015fe   0x000015fe   0x00000081   Data   RO          292    .constdata          mc_w.l(ctype_o.o)
    0x0000167f   0x0000167f   0x00000001   PAD
    0x00001680   0x00001680   0x00000004   Data   RO          293    .constdata          mc_w.l(ctype_o.o)
    0x00001684   0x00001684   0x00000058   Data   RO            5    .conststring        main.o
    0x000016dc   0x000016dc   0x00000020   Data   RO          323    Region$$Table       anon$$obj.o


    Execution Region ER_RW (Exec base: 0x20000000, Load base: 0x000016fc, Size: 0x00000044, Max: 0xffffffff, ABSOLUTE)

    Exec Addr    Load Addr    Size         Type   Attr      Idx    E Section Name        Object

    0x20000000   0x000016fc   0x0000003c   Data   RW            6    .data               main.o
    0x2000003c   0x00001738   0x00000004   Data   RW          175    .data               system_tm4c123.o
    0x20000040   0x0000173c   0x00000004   Data   RW          283    .data               mc_w.l(errno.o)


    Execution Region ER_ZI (Exec base: 0x20000044, Load base: 0x00001740, Size: 0x00000204, Max: 0xffffffff, ABSOLUTE)

    Exec Addr    Load Addr    Size         Type   Attr      Idx    E Section Name        Object

    0x20000044   0x00001740   0x00000004   PAD
    0x20000048        -       0x00000200   Zero   RW          164    STACK               startup_tm4c123.o


==============================================================================

Image component sizes


      Code (inc. data)   RO Data    RW Data    ZI Data      Debug   Object Name

       656         34          0          0          0       5086   gpio_port.o
         0          0        254          0          0        561   hw2_images.o
      1862         32          0          0          0       4205   lcd.o
       628        114         88         60          0      29189   main.o
       252         10        620          0        512       5416   startup_tm4c123.o
       588        134          0          4          0       1501   system_tm4c123.o

    ----------------------------------------------------------------------
      3988        324        994         64        512      45958   Object Totals
         0          0         32          0          0          0   (incl. Generated)
         2          0          0          0          0          0   (incl. Padding)

    ----------------------------------------------------------------------

      Code (inc. data)   RO Data    RW Data    ZI Data      Debug   Library Member Name

       336         18          0          0          0       1619   hw2.o
        28          0          0          0          0         68   _chval.o
       158          0          0          0          0         92   _strtoul.o
        26          0          0          0          0         80   atoi.o
         8          4        133          0          0         68   ctype_o.o
         0          0          0          0          0          0   entry.o
         0          0          0          0          0          0   entry10a.o
         0          0          0          0          0          0   entry11a.o
         8          4          0          0          0          0   entry2.o
         4          0          0          0          0          0   entry5.o
         0          0          0          0          0          0   entry7b.o
         0          0          0          0          0          0   entry8b.o
         8          4          0          0          0          0   entry9a.o
         8          4          0          4          0         68   errno.o
        30          0          0          0          0          0   handlers.o
        36          8          0          0          0         68   init.o
       112          0          0          0          0         88   strtol.o

    ----------------------------------------------------------------------
       768         42        134          4          4       2151   Library Totals
         6          0          1          0          4          0   (incl. Padding)

    ----------------------------------------------------------------------

      Code (inc. data)   RO Data    RW Data    ZI Data      Debug   Library Name

       336         18          0          0          0       1619   hw2_f18.lib
       426         24        133          4          0        532   mc_w.l

    ----------------------------------------------------------------------
       768         42        134          4          4       2151   Library Totals

    ----------------------------------------------------------------------

==============================================================================


      Code (inc. data)   RO Data    RW Data    ZI Data      Debug   

      4756        366       1128         68        516      47457   Grand Totals
      4756        366       1128         68        516      47457   ELF Image Totals
      4756        366       1128         68          0          0   ROM Totals

==============================================================================

    Total RO  Size (Code + RO Data)                 5884 (   5.75kB)
    Total RW  Size (RW Data + ZI Data)               584 (   0.57kB)
    Total ROM Size (Code + RO Data + RW Data)       5952 (   5.81kB)

==============================================================================

