


ARM Macro Assembler    Page 1 


    1 00000000         ; Filename:     main.s 
    2 00000000         ; Author:       ece353 staff 
    3 00000000         ; Description:  
    4 00000000         
    5 00000000                 export           __main
    6 00000000         
    7 00000000         ;**********************************************
    8 00000000         ; Add Symbolic Constants here
    9 00000000         ;**********************************************
   10 00000000 00000001 
                       BYTE    EQU              1
   11 00000000 00000002 
                       HALF_WORD
                               EQU              2
   12 00000000 00000004 
                       WORD    EQU              4
   13 00000000         ;**********************************************
   14 00000000         ; SRAM
   15 00000000         ;**********************************************
   16 00000000                 AREA             SRAM, READWRITE
   17 00000000 00 00 00 
              00 00 00 
              00 00 00 
              00 00 00 
              00 00 00 
              00       ARRAY1  SPACE            HALF_WORD*8
   18 00000010 00 00 00 
              00 00 00 
              00 00 00 
              00 00 00 
              00 00 00 
              00       ARRAY2  SPACE            HALF_WORD*8
   19 00000020         
   20 00000020                 align
   21 00000020         
   22 00000020         ;**********************************************
   23 00000020         ; Constant Variables (FLASH) Segment
   24 00000020         ;**********************************************
   25 00000020                 AREA             FLASH, CODE, READONLY
   26 00000000 00 00   LTABLE  DCW              0
   27 00000002 01 00           DCW              1
   28 00000004 08 00           DCW              8
   29 00000006 1B 00           DCW              27
   30 00000008 40 00           DCW              64
   31 0000000A 7D 00           DCW              125
   32 0000000C D8 00           DCW              216
   33 0000000E 57 01           DCW              343
   34 00000010                 align
   35 00000010         
   36 00000010         ;**********************************************
   37 00000010         ; Code (FLASH) Segment
   38 00000010         ; main assembly program
   39 00000010         ;**********************************************
   40 00000010         __main  PROC
   41 00000010         
   42 00000010 F2AF 0014       ADR              R0, LTABLE
   43 00000014 4922            LDR              R1, =(ARRAY1) ; In course notes
                                                             under Loading ADR 
                                                            (2)



ARM Macro Assembler    Page 2 


   44 00000016 4A23            LDR              R2, =(ARRAY2)
   45 00000018 F8B0 A00C       LDRH             R10, [R0, HALF_WORD*6]
   46 0000001C         
   47 0000001C F830 3F02       LDRH             R3, [R0, #HALF_WORD]! ; Load an
                                                            d store array 1
   48 00000020 F821 3F02       STRH             R3, [R1, #HALF_WORD]!
   49 00000024 F830 3F02       LDRH             R3, [R0, #HALF_WORD]!
   50 00000028 F821 3F02       STRH             R3, [R1, #HALF_WORD]!
   51 0000002C F830 3F02       LDRH             R3, [R0, #HALF_WORD]!
   52 00000030 F821 3F02       STRH             R3, [R1, #HALF_WORD]!
   53 00000034 F830 3F02       LDRH             R3, [R0, #HALF_WORD]!
   54 00000038 F821 3F02       STRH             R3, [R1, #HALF_WORD]!
   55 0000003C F830 3F02       LDRH             R3, [R0, #HALF_WORD]!
   56 00000040 F821 3F02       STRH             R3, [R1, #HALF_WORD]!
   57 00000044 F830 3F02       LDRH             R3, [R0, #HALF_WORD]!
   58 00000048 F821 3F02       STRH             R3, [R1, #HALF_WORD]!
   59 0000004C F830 3F02       LDRH             R3, [R0, #HALF_WORD]!
   60 00000050 F821 3F02       STRH             R3, [R1, #HALF_WORD]!
   61 00000054 F830 3F02       LDRH             R3, [R0, #HALF_WORD]!
   62 00000058 F821 3F02       STRH             R3, [R1, #HALF_WORD]!
   63 0000005C         
   64 0000005C         
   65 0000005C F830 3B02       LDRH             R3, [R0], #HALF_WORD ; Index 1
   66 00000060 F822 3B02       STRH             R3, [R2], #HALF_WORD
   67 00000064 F830 3B02       LDRH             R3, [R0], #HALF_WORD ; Index 2
   68 00000068 F822 3B02       STRH             R3, [R2], #HALF_WORD
   69 0000006C F830 3B02       LDRH             R3, [R0], #HALF_WORD ; Index 3
   70 00000070 F822 3B02       STRH             R3, [R2], #HALF_WORD
   71 00000074 F830 3B02       LDRH             R3, [R0], #HALF_WORD ; Index 4
   72 00000078 F822 3B02       STRH             R3, [R2], #HALF_WORD
   73 0000007C F830 3B02       LDRH             R3, [R0], #HALF_WORD ; Index 5
   74 00000080 F822 3B02       STRH             R3, [R2], #HALF_WORD
   75 00000084 F830 3B02       LDRH             R3, [R0], #HALF_WORD ; Index 6
   76 00000088 F822 3B02       STRH             R3, [R2], #HALF_WORD
   77 0000008C F830 3B02       LDRH             R3, [R0], #HALF_WORD ; Index 7
   78 00000090 F822 3B02       STRH             R3, [R2], #HALF_WORD
   79 00000094 F830 3B02       LDRH             R3, [R0], #HALF_WORD ; Index 8
   80 00000098 F822 3B02       STRH             R3, [R2], #HALF_WORD
   81 0000009C         
   82 0000009C         
   83 0000009C         
   84 0000009C         ; DO NOT MODIFY ANTHING BELOW THIS LINE!!! 
   85 0000009C         
   86 0000009C         INFINITE_LOOP
   87 0000009C E7FE            B                INFINITE_LOOP
   88 0000009E         
   89 0000009E                 ENDP
   90 0000009E 00 00           align
   91 000000A0         
   92 000000A0         
   93 000000A0                 END
              00000000 
              00000000 
Command Line: --debug --xref --diag_suppress=9931 --cpu=Cortex-M4.fp --apcs=int
erwork --depend=.\obj\ece353_main.d -o.\obj\ece353_main.o -I.\RTE\_ICE-03-LoadS
tore -IC:\Keil_v5\ARM\PACK\ARM\CMSIS\5.0.1\CMSIS\Include -IC:\Keil_v5\ARM\PACK\
Keil\TM4C_DFP\1.1.0\Device\Include\TM4C123 --predefine="__MICROLIB SETA 1" --pr
edefine="__UVISION_VERSION SETA 524" --predefine="_RTE_ SETA 1" --predefine="TM
4C123GH6PM SETA 1" --list=.\lst\ece353_main.lst ece353_main.s



ARM Macro Assembler    Page 1 Alphabetic symbol ordering
Relocatable symbols

ARRAY1 00000000

Symbol: ARRAY1
   Definitions
      At line 17 in file ece353_main.s
   Uses
      At line 43 in file ece353_main.s
Comment: ARRAY1 used once
ARRAY2 00000010

Symbol: ARRAY2
   Definitions
      At line 18 in file ece353_main.s
   Uses
      At line 44 in file ece353_main.s
Comment: ARRAY2 used once
SRAM 00000000

Symbol: SRAM
   Definitions
      At line 16 in file ece353_main.s
   Uses
      None
Comment: SRAM unused
3 symbols



ARM Macro Assembler    Page 1 Alphabetic symbol ordering
Relocatable symbols

FLASH 00000000

Symbol: FLASH
   Definitions
      At line 25 in file ece353_main.s
   Uses
      None
Comment: FLASH unused
INFINITE_LOOP 0000009C

Symbol: INFINITE_LOOP
   Definitions
      At line 86 in file ece353_main.s
   Uses
      At line 87 in file ece353_main.s
Comment: INFINITE_LOOP used once
LTABLE 00000000

Symbol: LTABLE
   Definitions
      At line 26 in file ece353_main.s
   Uses
      At line 42 in file ece353_main.s
Comment: LTABLE used once
__main 00000010

Symbol: __main
   Definitions
      At line 40 in file ece353_main.s
   Uses
      At line 5 in file ece353_main.s
Comment: __main used once
4 symbols



ARM Macro Assembler    Page 1 Alphabetic symbol ordering
Absolute symbols

BYTE 00000001

Symbol: BYTE
   Definitions
      At line 10 in file ece353_main.s
   Uses
      None
Comment: BYTE unused
HALF_WORD 00000002

Symbol: HALF_WORD
   Definitions
      At line 11 in file ece353_main.s
   Uses
      At line 17 in file ece353_main.s
      At line 18 in file ece353_main.s
      At line 45 in file ece353_main.s
      At line 47 in file ece353_main.s
      At line 48 in file ece353_main.s
      At line 49 in file ece353_main.s
      At line 50 in file ece353_main.s
      At line 51 in file ece353_main.s
      At line 52 in file ece353_main.s
      At line 53 in file ece353_main.s
      At line 54 in file ece353_main.s
      At line 55 in file ece353_main.s
      At line 56 in file ece353_main.s
      At line 57 in file ece353_main.s
      At line 58 in file ece353_main.s
      At line 59 in file ece353_main.s
      At line 60 in file ece353_main.s
      At line 61 in file ece353_main.s
      At line 62 in file ece353_main.s
      At line 65 in file ece353_main.s
      At line 66 in file ece353_main.s
      At line 67 in file ece353_main.s
      At line 68 in file ece353_main.s
      At line 69 in file ece353_main.s
      At line 70 in file ece353_main.s
      At line 71 in file ece353_main.s
      At line 72 in file ece353_main.s
      At line 73 in file ece353_main.s
      At line 74 in file ece353_main.s
      At line 75 in file ece353_main.s
      At line 76 in file ece353_main.s
      At line 77 in file ece353_main.s
      At line 78 in file ece353_main.s
      At line 79 in file ece353_main.s
      At line 80 in file ece353_main.s

WORD 00000004

Symbol: WORD
   Definitions
      At line 12 in file ece353_main.s
   Uses
      None
Comment: WORD unused
3 symbols



ARM Macro Assembler    Page 2 Alphabetic symbol ordering
Absolute symbols

347 symbols in table
