<html>
<body>
<pre>
<h1>µVision Build Log</h1>
<h2>Tool Versions:</h2>
IDE-Version: µVision V5.29.0.0
Copyright (C) 2019 ARM Ltd and ARM Germany GmbH. All rights reserved.
License Information: Salvatore Mingari, UW Madison, LIC=----
 
Tool Versions:
Toolchain:       MDK-Lite  Version: 5.29.0.0
Toolchain Path:  C:\Keil_v5\ARM\ARMCC\Bin
C Compiler:      Armcc.exe V5.06 update 6 (build 750)
Assembler:       Armasm.exe V5.06 update 6 (build 750)
Linker/Locator:  ArmLink.exe V5.06 update 6 (build 750)
Library Manager: ArmAr.exe V5.06 update 6 (build 750)
Hex Converter:   FromElf.exe V5.06 update 6 (build 750)
CPU DLL:         SARMCM3.DLL V5.29.0.0
Dialog DLL:      DCM.DLL V1.17.3.0
Target DLL:      lmidk-agdi.dll V???
Dialog DLL:      TCM.DLL V1.36.5.0
 
<h2>Project:</h2>
E:\ECE353\ICE_Distribution\Final_Project\Project.uvprojx
Project File Date:  04/20/2020

<h2>Output:</h2>
*** Using Compiler 'V5.06 update 6 (build 750)', folder: 'C:\Keil_v5\ARM\ARMCC\Bin'
Rebuild target 'Project-F19'
compiling pc_buffer.c...
compiling i2c.c...
compiling adc.c...
..\drivers\c\adc.c(32): warning:  #550-D: variable "myADC"  was set but never used
    ADC0_Type  *myADC;
..\drivers\c\adc.c: 1 warning, 0 errors
compiling project_interrupts.c...
compiling project_hardware_init.c...
project_hardware_init.c(28): warning:  #940-D: missing return statement at end of non-void function "initialize_hardware" 
  }
project_hardware_init.c(26): warning:  #177-D: variable "greeting"  was declared but never referenced
  	char greeting[] = "\n\r\n\r Hello there! Welcome to the world of pokémon! My name is Oak! People call me the pokémon Prof! This world is inhabited by creatures called pokémon! For some people, pokémon are pets. Others use them for fights. Myself...I study pokémon as a profession.";
project_hardware_init.c(27): warning:  #177-D: variable "paused"  was declared but never referenced
  	char paused[] = "PASUED!";
project_hardware_init.c: 3 warnings, 0 errors
compiling gpio_port.c...
..\drivers\c\gpio_port.c(82): warning:  #188-D: enumerated type mixed with another type
         return 0;
..\drivers\c\gpio_port.c(442): warning:  #177-D: variable "gpioPort"  was declared but never referenced
    GPIOA_Type  *gpioPort;
..\drivers\c\gpio_port.c: 2 warnings, 0 errors
compiling main.c...
main.c(51): warning:  #223-D: function "initialize_hardware" declared implicitly
  		initialize_hardware();
main.c: 1 warning, 0 errors
compiling spi.c...
compiling accel.c...
..\peripherals\c\accel.c(10): warning:  #177-D: function "accel_CSN_low"  was declared but never referenced
  static __INLINE void  accel_CSN_low(void)
..\peripherals\c\accel.c(18): warning:  #177-D: function "accel_CSN_high"  was declared but never referenced
  static __INLINE void  accel_CSN_high(void)
..\peripherals\c\accel.c: 2 warnings, 0 errors
compiling eeprom.c...
compiling uart.c...
..\drivers\c\uart.c(184): warning:  #188-D: enumerated type mixed with another type
         return 0;
..\drivers\c\uart.c: 1 warning, 0 errors
compiling launchpad_io.c...
compiling ft6x06.c...
..\peripherals\c\ft6x06.c(111): warning:  #186-D: pointless comparison of unsigned integer with zero
  	if (data > 2 || data < 0)
..\peripherals\c\ft6x06.c: 1 warning, 0 errors
compiling lcd.c...
compiling timers.c...
assembling ws2812b.s...
assembling startup_TM4C123.s...
compiling ps2.c...
compiling system_TM4C123.c...
compiling spi_select.c...
compiling serial_debug.c...
..\peripherals\c\serial_debug.c(178): warning:  #177-D: variable "uart_base"  was declared but never referenced
     uint32_t uart_base;
..\peripherals\c\serial_debug.c(179): warning:  #177-D: variable "tx_buffer"  was declared but never referenced
     PC_Buffer *tx_buffer;
..\peripherals\c\serial_debug.c: 2 warnings, 0 errors
linking...
Program Size: Code=3220 RO-data=912 RW-data=24 ZI-data=4128  
".\obj\ece353_base_project.axf" - 0 Error(s), 13 Warning(s).

<h2>Software Packages used:</h2>

Package Vendor: ARM
                http://www.keil.com/pack/ARM.CMSIS.5.6.0.pack
                ARM.CMSIS.5.6.0
                CMSIS (Cortex Microcontroller Software Interface Standard)
   * Component: CORE Version: 5.3.0

Package Vendor: Keil
                http://www.keil.com/pack/Keil.TM4C_DFP.1.1.0.pack
                Keil.TM4C_DFP.1.1.0
                Texas Instruments Tiva C Series Device Support and Examples
   * Component: Startup Version: 1.0.1

<h2>Collection of Component include folders:</h2>
  .\RTE\_Project-F19
  C:\Users\Salvatore\AppData\Local\Arm\Packs\ARM\CMSIS\5.6.0\CMSIS\Core\Include
  C:\Users\Salvatore\AppData\Local\Arm\Packs\Keil\TM4C_DFP\1.1.0\Device\Include\TM4C123

<h2>Collection of Component Files used:</h2>

   * Component: ARM::CMSIS:CORE:5.3.0

   * Component: Keil::Device:Startup:1.0.1
      Source file:   Device\Source\ARM\startup_TM4C123.s
      Include file:  Device\Include\TM4C123\TM4C123.h
      Source file:   Device\Source\system_TM4C123.c
Build Time Elapsed:  00:00:12
</pre>
</body>
</html>
